# W6-B0 gates.log — mobile 身份与审计基座（G4+G1）
# 执行时间：2026-10-01 17:41~17:45 (Asia/Shanghai)；环境：gateway :3080（重启后新代码）、NocoBase :13000、engine :13110（重启后新 token）、PG localhost:5432/nocobase

## A. 单元/类型门禁
- [PASS] pnpm run typecheck（全仓，0 error）
- [PASS] vitest packages/connector/tool-nocobase/tests（46/46；含新增 acting-user describe 4 例：submit 审计人覆盖 / 越权拒绝 / 待办持有人放行并记名 / requester 盖章）
- [PASS] vitest packages/client/ui-mobile/tests（626/626；auth/LoginView/App 门禁测试改为真实登录通道）
- [PASS] vitest packages/host/apiproxy/tests（461/461）
- [PASS] vitest packages/client/connection + runtime tests（461/461）

## B. live 服务三联断言
- [PASS] 网关 :3080 重启后 /mobile -> 200（w6-b0-01）
- [PASS] nocobase.signIn(buyer/Buyer#2026) -> {username:'buyer', nickname:'采购员·蔡俊'}（w6-b0-03）
- [PASS] nocobase.signIn 错误密码 -> nocobase-signin-rejected + 服务端原文「用户名/邮箱或密码有误，请重新输入」（w6-b0-02；curl 亦取证）

## C. 对账 SQL 与结果（证据 w6-b0-08-psql-audit.sql；对象 PO-2026-1052 = pur_orders#43）
- [PASS] SELECT doc_status FROM pur_orders WHERE code='PO-2026-1052' -> 登记即送审后 pending，chenliqun 批准后 approved、approved_by=chenliqun（G1 全链）
- [PASS] SELECT action,approver FROM wfl_approval_records WHERE doc_type='pur_orders' AND doc_id=43 -> submit|buyer（非 admin，G4）；approve|chenliqun
- [PASS] SELECT user FROM wfl_approval_todos ... -> open 待办路由 chenliqun（采购部 owner=提交人 buyer 的真实主管链，supervisorChain levels:1；非 admin）
- [PASS] SELECT count(*) submit/resubmit records -> 1（重复 submit 负例：引擎返回「非法审批转移：待审批 不支持 重新提交」；agent 叙述层同样拒绝，w6-b0-06）
- [PASS] SELECT count(*) wfl_approval_todos WHERE user='keeper' AND status='open' -> 0；keeper 强行 approve 被 assertActingUserHoldsTodo 拒绝（工具层证据 w6-b0-07；单测同款负例）

## D. 配置与种子门禁
- [PASS] w6b0-identity.mts --run：pur_orders/pur_requests/so_orders/mfg_orders 的 manager 层切换 supervisorChain(levels:1, transferAdmin)
- [PASS] w6b0-identity.mts --probe：buyer 经引擎 submit -> 送审记录 approver=buyer、待办落 chenliqun、探针清理后 open=0
- [PASS] w6b0-identity.mts --assert：四流配置 + 六业务部门 owner + 八角色账号与部门挂接（w6-b0-09-config-assert.log）

## E. 文档/notes 门禁
- [PASS] Agent Note 三件套：.agents/notes/implemented/feature/2026-10-01-w6-b0-mobile-identity.{md,zh.md,i18n.yaml}（verify-translation-pairing --write 已记录）

## 遗留（真话债，转后续批次）
- 模型在确认+驳回双动作病态回合编造 submit_receipt（会话日志 reasoning 自证「行 id 假设 105」，无 nb_create）：回执卡未与工具结果核对——建议 B1+ 在客户端以工具结果 rowId 为准渲染回执。
- wms_receipts 等非送审集合的登记仍停 draft（按其过账语义，属预期；B1 待办页消费 wfl 状态）。
- 退出登录弹窗文案仍写「重新验证手机号」（旧演示文案，未随真实登录更新）。
