== W6-R5 gates (如实) ==
Sat Oct  3 07:21:23 CST 2026
-- typecheck (pnpm run typecheck, 全仓) --
typecheck: exit 0 (PASS)
-- oxlint (staged config, 本轮变更的 ts/tsx/mjs) --
首轮 1 error（ledgerService arrow-parens，@stylistic）已修——(row) => 括号；复验：
Found 0 warnings and 0 errors.
Finished in 4.5s on 5 files with 48 rules using 12 threads.
-- vitest: alerts-view spec (ui-mobile 行为面) --
[2m Test Files [22m [1m[32m1 passed[39m[22m[90m (1)[39m
[2m      Tests [22m [1m[32m5 passed[39m[22m[90m (5)[39m
-- JSBlock 语法（new Function 编译三块）--
cockpit: syntax OK
fin-wb: syntax OK
match-wb: syntax OK
-- 回归：w6-b9-assert.sh（修复版）+ b2 --
gate expect-matrix(03+05b+10): PASS
gate dunning-flow(08): 1 checks
gate match-recon(09b): 1 checks
gate negatives(10): 6 checks
gate b9-assert(12): exit=0 w6b9-cockpit: all asserts green
gate b2-regression(13): exit=0 w6b2-rules: assert 全部断言通过
GATES ALL PASS
-- translation pairing --
verify-translation-pairing: 1206 pair(s) checked across all in-scope documentation, all consistent.
-- mobile 产物链 --
build:lib:client exit 0（22:09 实测）; apps/web vite build exit 0（27.37s）; 新 bundle mobile-DRA-Uq4O.js 含 dunning 分类（grep 催收任务=1）
-- 复验补录 --
oxlint 复验 0 errors（arrow-parens 修复后）；alerts-view spec 复跑 5/5；
mobile 产物链重建：build:lib:client=0 + apps/web vite build=0（源↔产物一致，风格修复后重录）。
