════ W6-B8 终验门禁 gates-b8（全部实测输出，逐腿汇总；生成于 2026-10-03 03:03:48 +0800）════

──── ① w6b8-assert（活体：live三联/Andon→工单→状态机闭环/预防性引擎幂等/两路预警/what-if隔离+promote/负向）────
— live 三联与 Andon 面
  ✓ 引擎 :13110 /healthz 200 — status=200
  ✓ NocoBase :13000 app:getInfo 200 — status=200
  ✓ web :3080 200 — status=200
  ✓ cards.html 维护请求按钮已启用（B4 占位接活） — bytes=24329
— Andon 维护请求（卡片流会话 → eam 维保工单）
  （演练载体：MO-W6B4-FLOW 工序3 @ WC#2）
  ✓ 空故障说明被拒（400） — status=400
  ✓ POST /andon/maintenance 生成维保工单 — code=WO-2026-0009
  ✓ 工单 psql 对账：source=andon/status=new/发起人=会话推导 shop_lead — andon|new|shop_lead|EQ-JJ-01|P1
  ✓ 设备按工序工作中心自动挂接（含 XSS 载荷原文入库——渲染面 esc 防线在日历块） — asset=EQ-JJ-01 priority=P1
  ✓ 关联设备态翻转为维修（repair） — asset=EQ-JJ-01 status=repair
  ✓ 非车间部门会话被部门围栏拒（403） — status=403
— 维保工单状态机 new→accepted→done→closed
  ✓ 跨态 close 被状态机拒（409 带现态事实） — 工单 WO-2026-0009 状态为 new，close 需要状态 done（状态机 new→accepted→don
  ✓ buyer 越权受理被围栏拒（403） — 维保处理限 设备/生产/admin 操作（buyer 不在围栏内）
  ✓ 未知动作被拒（400） — status=400
  ✓ 未受理先 done 被状态机拒 / 空说明被拒 — done@new=400 无说明=400
  ✓ 受理成功（accepted_by=shop_lead） — WO-2026-0009
  ✓ 完成维修（done_note+actual_min 落库） — WO-2026-0009
  ✓ 非发起人验收被拒（403） — status=403
  ✓ 发起人验收关闭成功 — WO-2026-0009
  ✓ 闭环 psql 对账：closed/closed_by=shop_lead/维修说明在 — closed|shop_lead|更换传送带轴承并复测 Fe 试块通过
— 预防性维保引擎
  ✓ POST /eam/scan-plans 可手动触发（生产围栏） — {"ok":true,"actor":"shop_lead","created":0,"advanced":0}
  ✓ 重复扫描零生成（dedup_key 幂等） — created=0
  ✓ 计划工单在库（≥1，来源=plan） — rows=1
  ✓ 逾期计划 next_due_date 已前推（> 今天） — 2026-11-01 vs 2026-10-03
— B2 规则引擎两路新预警
  ✓ POST /scan-alerts 扫描通过 — status=200
  ✓ 金检机校准过期 → calibration_due critical（GB 14881 强检） — critical|CB-JJ-26Q3
  ✓ 计量预警分级：critical≥2（过期JJ+3天pH）/ warning≥1（14天WD） — 2|1
  ✓ 维保逾期预警出现（预防性工单计划日已过） — rows=10
  ✓ 新预警 in-app 通知已送达（notified_severity 已盖章） — rows=13
— APS what-if（隔离不落库）与 promote
  ✓ /aps/load 瓶颈含 W2-B6 超载桶（1200 分 > 480 分/日）+ 占用 MO 归因 — 1200|480|mos=1
  ✓ 非法加班值被拒（400，0-960 上限） — status=400
  ✓ 加班 960 分场景：超载解除 ≥1 且日期移动有据（本轮实测或首轮留痕） — cleared=1 本轮moved=0 首轮moved=2
  ✓ 模拟零写入（mfg_order_operations 快照 md5 前后一致） — 2ebbfd8c… vs 2ebbfd8c…
  ✓ buyer 应用被围栏拒（403 计划部/admin） — status=403
  ✓ planner 应用成功 + 差异报告留存（aps_whatif_runs +1） — applied=0 runs=4→5
  ✓ W2-B6 开放工序重排至 ≥ 今天（原 2026-09-28 过期日） — 2026-10-03 vs 2026-10-03
  ✓ run 行 actor=planner 且 delta 留痕 — planner|0
w6b8-assert: PASS（全部腿绿）
exit=0

──── ② w6b8-eam --assert（集合/种子/唯一索引/规则/五页/授权/日历块esc）────
— 集合与种子
  ✓ eam_assets 台账种子 ≥8（速冻水饺产线关键设备） — rows=8
  ✓ CCP 关键设备标记 ≥4（金检/速冻/搅拌/温度计） — rows=4
  ✓ 设备↔工作中心挂接 ≥5（Andon 自动关联底座） — rows=5
  ✓ 维保计划种子 =3（周/月/逾期三种形态） — rows=3
  ✓ 计量校准种子 =4（过期/临期3天/临期14天/在期） — rows=4
  ✓ 金检机校准行与 CCP-JC-01 双向关联 — rows=1
  ✓ 唯一索引 ux_eam_assets_code 在位 — ux_eam_assets_code
  ✓ 唯一索引 ux_eam_maint_orders_code 在位 — ux_eam_maint_orders_code
  ✓ 唯一索引 ux_eam_maint_orders_dedup 在位 — ux_eam_maint_orders_dedup
  ✓ 唯一索引 ux_eam_calibrations_code 在位 — ux_eam_calibrations_code
— 规则与预警
  ✓ alert_rules calibration_due 启用 — calibration_due
  ✓ alert_rules maint_overdue 启用 — maint_overdue
— 铺页
  ✓ v2 页「设备台账」在资产管理组下
  ✓ v2 页「维保计划」在资产管理组下
  ✓ v2 页「维保工单」在资产管理组下
  ✓ v2 页「计量校准」在资产管理组下
  ✓ v2 页「维保日历」在资产管理组下
  ✓ member 对四集合 view 授权 — grants=4
  ✓ 维保日历 JSBlock 挂载（w6b8-calendar 标记） — wp7l2qztbfd
  ✓ 日历块含 esc() 转义（XSS 防线）
w6b8-eam: assert PASS
exit=0

──── ③ w6b8-aps --assert（瓶颈口径对账=手写SQL vs 引擎/铺页/JSBlock）────
— 瓶颈口径对账（负荷率计算式）
  ✓ 瓶颈行数：psql 手写负荷率式 = /aps/load 引擎输出 — 手写=1 引擎=1
  ✓ W2-B6 拆单演示桶在瓶颈集合（1200分 > 480分/日） — 1200|480
  ✓ aps_whatif_runs 差异报告表在位 — aps_whatif_runs
— 铺页
  ✓ v2 页「APS瓶颈与负荷」在生产与计划组下
  ✓ v2 页「APS what-if沙箱」在生产与计划组下
  ✓ JSBlock w6b8-aps-load 挂载
  ✓ JSBlock w6b8-aps-whatif 挂载
w6b8-aps: assert PASS
exit=0

──── ④ w6b2-rules --assert（回归——八路规则+扫描幂等）────
w6b2-rules: assert（验收断言矩阵——首次环境先 --seed --seed-ar）
— ① 两表列齐全（information_schema 对照，date-only 串列）
  ✓ alert_rules 列齐全
  ✓ wfl_alerts 列齐全
  ✓ dedup 唯一索引在库 — ux_wfl_alerts_dedup=1
  ✓ 通知渠道 alert-center 已注册 — channels=1
— ② 四路规则 seeded 且启用
  ✓ 八路规则各一行启用（B2 四路 + B4 ccp_deviation + B5 inspection_fail + B8 calibration_due/maint_overdue） — expiry,cert_due,ar_overdue,quality_abnormal,ccp_deviation,inspection_fail,calibration_due,maint_overdue
— ③ 首扫产出（每路 ≥1 行、级别分层在库）
w6b2-rules: scan pass — expiry+0/~5/-0 cert_due+0/~3/-0 ar_overdue+0/~3/-0 quality_abnormal+0/~30/-0 ccp_deviation+0/~15/-0 inspection_fail+0/~20/-0 calibration_due+0/~3/-0 maint_overdue+0/~1/-0 notified=0
  ✓ expiry 有生效预警行 — rows=5
  ✓ cert_due 有生效预警行 — rows=3
  ✓ ar_overdue 有生效预警行 — rows=3
  ✓ quality_abnormal 有生效预警行 — rows=30
  ✓ 红黄两层都有数据 — distinct severity=2
— ④ 幂等契约（连续两轮扫描 count 不增）
w6b2-rules: scan pass — expiry+0/~5/-0 cert_due+0/~3/-0 ar_overdue+0/~3/-0 quality_abnormal+0/~30/-0 ccp_deviation+0/~15/-0 inspection_fail+0/~20/-0 calibration_due+0/~3/-0 maint_overdue+0/~1/-0 notified=0
w6b2-rules: scan pass — expiry+0/~5/-0 cert_due+0/~3/-0 ar_overdue+0/~3/-0 quality_abnormal+0/~30/-0 ccp_deviation+0/~15/-0 inspection_fail+0/~20/-0 calibration_due+0/~3/-0 maint_overdue+0/~1/-0 notified=0
  ✓ 两轮扫描总行数不变 — before=111 after=111
— ⑤ 效期对账（引擎行数 = 手写四日期×双轨阈值 SQL，差异=0）
  ✓ 效期引擎=手写对账 — engine=5 recon=5
— ⑥ 阈值可配（放大窗口→分层变化；恢复→系统自动关闭）
w6b2-rules: scan pass — expiry+0/~5/-0 cert_due+0/~10/-0 ar_overdue+0/~3/-0 quality_abnormal+0/~30/-0 ccp_deviation+0/~15/-0 inspection_fail+0/~20/-0 calibration_due+0/~3/-0 maint_overdue+0/~1/-0 notified=7
  ✓ 放大 warn_days 30→400 后新增预警行 — baseline=3 widened=10
w6b2-rules: scan pass — expiry+0/~5/-0 cert_due+0/~3/-7 ar_overdue+0/~3/-0 quality_abnormal+0/~30/-0 ccp_deviation+0/~15/-0 inspection_fail+0/~20/-0 calibration_due+0/~3/-0 maint_overdue+0/~1/-0 notified=0
  ✓ 恢复阈值后未命中行被系统自动关闭 — restored=3 baseline=3
  ✓ 规则参数已复原 — t
— ⑦ 通知送达 + 责任人路由
  ✓ in-app 通知已产生 — messages=857
  ✓ 仓储部 keeper 收到效期预警通知 — keeper messages=8
  ✓ 效期路由到仓储部（notify_users 含 keeper） — ["b4guard", "keeper"]
  ✓ 账期路由 finance/sales_rep — ["finance", "sales_rep"]
— ⑧ 处理动作状态流 + 三元转换断言（越权/越态拒绝 + 重开二轮）
  ✓ 非路由用户（keeper 认领账期预警）被拒 — moved=0
  ✓ 未认领直接关闭被拒（open×resolve 无三元） — moved=0
  ✓ finance 认领账期预警成功 — moved=1
  ✓ 认领落库 owner=finance status=acknowledged — finance|acknowledged
  ✓ 路由到但非认领人关闭被拒（acknowledged×resolve×routed 无三元） — moved=0
  ✓ 认领人关闭成功 — moved=1
  ✓ 关闭留痕 resolved_by=finance — resolved|finance
  ✓ 已关闭行再认领被拒（resolved×claim 无三元） — moved=0
w6b2-rules: scan pass — expiry+0/~5/-0 cert_due+0/~3/-0 ar_overdue+0/~3/-0 quality_abnormal+0/~30/-0 ccp_deviation+0/~15/-0 inspection_fail+0/~20/-0 calibration_due+0/~3/-0 maint_overdue+0/~1/-0 notified=1
  ✓ 重扫重开 reopen_count=基线+1（非 NULL、非仅状态翻转） — open|33（基线 32）
  ✓ 重开后重新通知 finance — 38→39
  ✓ 二轮 认领→关闭 成功 — claim=1 resolve=1
— ⑨ 预警中心两页在库（组+两 flowPage+表格块+认领意图表单+回调 workflow）
  ✓ 菜单组「预警中心」
  ✓ 页「预警列表」
  ✓ 页「预警规则」
  ✓ wfl_alerts 表格块在库 — 1 块
  ✓ alert_rules 表格块在库 — 1 块
  ✓ wfl_alert_acts 认领意图表单在库 — 1 块
  ✓ 认领回调 workflow 在库且启用 — 1 条
— ⑩ 单规则失败隔离（一条坏规则不中止全轮）
w6b2-rules: 规则 ar_overdue 扫描失败（已隔离，其余规则继续）— 规则参数 ar_overdue.warn_days 需为 0~100000 整数（收到 oops）
w6b2-rules: scan pass — expiry+0/~5/-0 cert_due+0/~3/-0 quality_abnormal+0/~30/-0 ccp_deviation+0/~15/-0 inspection_fail+0/~20/-0 calibration_due+0/~3/-0 maint_overdue+0/~1/-0 notified=0 failed=1（ar_overdue）
  ✓ 坏规则（warn_days 非整数）被隔离为 1 条失败 — ar_overdue:规则参数 ar_overdue.warn_days 需为 0~100000 整数
  ✓ 其余三路仍落库（expiry last_seen_at=CURRENT_DATE） — expiry=5
  ✓ 失败已记 wfl_alert_scan_failures 审计行 — audit rows=18
w6b2-rules: scan pass — expiry+0/~5/-0 cert_due+0/~3/-0 ar_overdue+0/~3/-0 quality_abnormal+0/~30/-0 ccp_deviation+0/~15/-0 inspection_fail+0/~20/-0 calibration_due+0/~3/-0 maint_overdue+0/~1/-0 notified=1
  ✓ 参数复原后失败归零 — none
w6b2-rules: assert 全部断言通过
exit=0

──── ⑤ w6b4-assert（回归——Andon 改动不破坏 B4 卡片流/CCP/ECO）────
— live 三联与终端面
  ✓ 引擎 :13110 /healthz 200 — status=200
  ✓ NocoBase :13000 app:getInfo 200 — status=200
  ✓ web :3080 200 — status=200
  ✓ GET /terminals/cards.html 200 且含签到面板与卡片流
  ✓ 错误密码被平台会话拒绝（401） — status=401
  ✓ shop_lead 会话签到成功（B0 真实账号） — token 256 chars
— 车间卡片流（队列→执行→报工）
  ✓ GET /terminal/cards 会话推导 operator=shop_lead — operator=shop_lead
  ✓ 签到面板显示部门围栏（生产车间） — department=生产车间
  ✓ 卡片含 SOP 要点数据（setup/run 分钟） — op1 setup=0 run=0
  ✓ 工序按配置挂 CCP 监控点（和馅→XT、成型速冻→SD） — op1 ccp=1 op2 ccp=1
  ✓ POST /job-start planned→started（或已 started 幂等） — op_status=started
  ✓ 正常 CCP 报工受理（服务端发号 JR-） — code=JR-2026-0044
  ✓ 报工后工序状态推进（started，余量续报） — op_status=started
  ✓ mfg_job_reports 落行：operator=会话推导 shop_lead（非自报） — shop_lead|999|posted
  ✓ CCP 正常值留痕（谁/实测/限值/未越限） — shop_lead|-24|false
  ✓ CCP 记录含限值快照（CL -30..-18） — -30..-18
— 报工双击/重复幂等
  ✓ 同一 submit_key 重放返回 duplicate=true 且同 code — duplicate=true code=JR-2026-0044
  ✓ psql 对账：该 submit_key 报工行 count=1 — count=1
  ✓ psql 对账：CCP 记录同样 count=1 — count=1
— CCP 越限链（预警/冻结/纠偏单）
  ✓ 越限报工仍受理（记录留痕优先，处置联动随行） — code=JR-2026-0045
  ✓ 响应声明 critical 预警路由 + 冻结 + 纠偏单 — {"records":1,"deviations":[{"code":"CCP-SD-01","measured":-40,"cl_min":-30,"cl_max":-18}],"lot_frozen":true,"nc_code":"QM-NC-2026-0035","alert_rule":"ccp_deviat
  ✓ wfl_alerts 落行：rule_type=ccp_deviation severity=critical status=open — critical|open
  ✓ in-app 通知送达规则路由（质检部+planner ≥3 行） — rows=27
  ✓ 批次冻结联动（FRZ-260414-01: qualified→frozen） — frozen
  ✓ 纠偏单生成（qm_nc_dispositions draft/open） — QM-NC-2026-0035|open
  （演练清理：FRZ-260414-01 已恢复 qualified；预警/CCP 记录/纠偏单留台账）
— BOM 版本化 + ECO（版本快照）
  ✓ 基线：product11 生效默认版本在位 — BOM-0027 v25
  ✓ planner /eco/create 受理（服务端发号 ECO-） — eco=ECO-2026-0025
  ✓ 影响分析列出受影响在产 MO（MO-W6B4-IMP-MURC0WD8 在列） — MO-W6B4-IMP-MURC0WD8
  ✓ 影响分析列出受影响未交付 SO（SO-2026-0002/0092 在列） — SO-2026-0002、SO-2026-0092
  ✓ planner /eco/submit 送审（draft→pending） — doc_status=pending
  ✓ qc_inspector 审批通过且 effectiveEffects 触发版本切换 — {"eco":{"switched":true,"from_code":"BOM-0027","from_version":25,"to_code":"BOM-0028","to_version":26,"product_id":11}}
  ✓ psql 三查①旧版 retired/非默认 ②新版 active/默认 — retired|false ; active|true
  ✓ ECO 行：approved + qc_inspector + effective_at 盖章 — approved|qc_inspector|2026-10-02
  ✓ psql 三查③新 MO 将引用新默认版本 — default 30→31
  ✓ 新 MO 创建引用新默认 BOM — bom_id=31 default=31
  ✓ 在产 MO-W6B4-IMP-MURC0WD8 仍引用旧版本（版本快照） — bom_id=30 (base=30)
  ✓ 历史在产 MO-2026-0002 的 bom_id 原样未动（快照不被切换触碰） — bom_id=3
  ✓ 新版本行变更落库（新增行存在——diff 蓝行的 psql 对账） — rows=1
  ✓ 新版本用量变更落库（→0.07） — 0.07
  （演练清理：两张演练 MO 已删除；ECO/版本切换/JR/CCP 台账保留）
— 负向用例（XSS/越权）
  ✓ XSS 味 submit_key 被字符集门禁拒绝（400，未达 SQL） — status=400
  ✓ 缺 submit_key 拒绝（幂等键必填） — status=400
  ✓ 质检会话进车间卡片流被部门围栏拒绝（403） — status=403
  ✓ shop_lead 发起 ECO 被治理面围栏拒绝（403） — status=403
  ✓ 无会话访问执行面被拒（401，身份不可缺省） — status=401
w6b4-assert: ALL PASS
exit=0
