# W6-R1 gates.log — mobile 同步修复轮（P0×4 + P1×6 + Minor）
# 执行时间：2026-10-01 19:40~20:21 (Asia/Shanghai)；环境：gateway :3080（build:lib:client + build:web 双轨重建后重启，含 wfl 豁免修正）、engine :13110、NocoBase :13000、PG localhost:5432/nocobase
# 证据：demos/acceptance-w6/w6-r1-01…09

## A. 单元/类型门禁
- [PASS] pnpm run typecheck（全仓，0 error）
- [PASS] vitest packages/client/ui-mobile（663/663；新增 ledger-service 5 例、docs-view 8 例、todos-view 3 例、outbox v2 幂等/清箱/去重 3 例、views docs 路由引用 + 失败态改写；antd-mobile Modal 在 jsdom 挂 worker 的环境坑记录于 todos-view 首例名——live 证据 w6-b1-02 承担审批 Modal）
- [PASS] vitest packages/connector/tool-nocobase（49/49；新增 nb_approve 匿名拒绝例；mock-world 用例按语义绑定行为人，repeat-approve 断言迁移到越权闸门）
- [PASS] vitest packages/host/apiproxy（467/467；新增 nocobase-sessions-auth 6 例：signIn 签发、scope 拒绝/wfl 豁免、update 凭据门禁、伪造 loginUser 不绑定、凭据盖章、clientMsgId 幂等）
- [PASS] oxlint（staged 配置）src 改动文件 0 error（warnings 为既有 disable-directive 提示）

## B. w6b1-sync.mts --assert（21/21，w6-r1-09-assert.log）
- [PASS] 既有 14 项全绿（G8 基座、G2 对账+闭环探针、G7 transfer、G8 重放、G5 发号）
- [PASS] 新增列名防复发腿 7 项：records schema 可读（13 列）、acted_at 存在、created_at 确不存在、acted_at 全表非空、两源码文件 wfl 列名全部在 schema、created_at 零复发、G3 月度投影 API=psql（buyer 本月 submit=6=6，date-only 本地月窗）

## C. live 浏览器证据（chrome-devtools，真实账号）
- [PASS] w6-r1-01：buyer 登录「本月登记 6 条」= psql 6（P0-1；旧无 token identity 正确弹回登录）；最近回执 №44/№44/№50 恢复（allSettled 拆腿）
- [PASS] w6-r1-02：buyer 深链 #/docs/qm_inspections → 守卫重定向 #/docs + toast「无权访问该单据类型（质检单）」（P0-2 层1）；wire 层同集合 nocobase-collection-forbidden（层2，w6-r1-05）
- [PASS] w6-r1-03：同 clientMsgId 双发 prompt → 该会话探针文本仅 1 条真实 user/message（服务端幂等，至多一轮→至多一次建单；w6-r1-03-idempency.log 含逐事件复核）
- [PASS] w6-r1-04：A(qc_inspector) 种入暂存消息后 UI 登出 → outbox {"version":2,"entries":[]}、auth 清空、回登录页（P0-4）
- [PASS] w6-r1-05：wire 探针三连（scope 拒绝/放行、update 无凭据拒、伪造 loginUser 不盖章、有效 token 盖章）——w6-r1-05-wire-probes.log
- [PASS] w6-r1-06a：qc_inspector qm_inspections 列表 50 行 + 「仅显示最新 50 条」截断提示（P1-3）
- [PASS] w6-r1-06b：断网重试 → 「单据加载失败：网络连接失败，请检查网络后重试」+ 重试按钮（P1-3；messageOf 中文映射）
- 回执卡 lifecycle_status 翻转（P1-3）：由 ChatView 三字段状态读取 + apiproxy 单测固化；live 回执截图以 w6-b1-05a/b 离线-恢复链路为基线（本轮无新增 chat 会话翻转场景）

## D. B0/B1 已绿路径回归
- [PASS] 登录三联（真实账号 signIn 拒绝错误密码/成功 buyer；token 签发）——w6-r1-05 log
- [PASS] G2 闭环探针（submit→路由 chenliqun→批准 approved→待办关闭）——assert leg2 复跑绿
- [PASS] 越权闸门：nb_approve 匿名拒绝（新）+ 非 holder 拒绝（tool-nocobase 既有例）+ repeat-approve 撞闸门
- [PASS] G5 发号：六守卫零撞号 + PO 号段连续（assert leg6）；双发探针不产生重复建单（幂等收敛）
- [PASS] 离线补偿：outbox v2 语义（传输 TypeError 入队/服务端拒绝不入队/恢复冲刷）由 outbox-store 7 例固化

## E. 文档/notes 门禁
- [PASS] Agent Note 三件套：.agents/notes/implemented/feature/2026-10-01-w6-r1-mobile-sync-fixes.{md,zh.md,i18n.yaml}
- [PASS] 真话债修正：gates-b1.log 16/16→14/14、389→388；B1 note tool-nocobase 508→48；「绕不开审计链」措辞与实态对齐；recon.sql③ acted_at
- [PASS] QUICKSTART.zh.md：W1_NIGHTLY_ENABLED 夜间腿序补 lakehouse-transfer/drain-backlog + /healthz backlog_pending 运维说明（P1-2）

## 遗留（转后续批次）
- 登录会话注册表进程内；多进程网关横向扩展前需共享存储（单站点当前足够）
- todos/docs 轮询→推送通道（B1 立场不变）
- antd-mobile Modal 的 jsdom worker 挂死：TodosView 审批 Modal 的 jsdom 级断言以 live 证据替代（环境坑，非产品缺陷）
