== gates-b6（2026-10-02T13:30Z，引擎 :13110 / NocoBase :13000 / web :3080 全在线）==

-- pnpm run typecheck（client face）
> tsc -b tsconfig.client.json
（通过，无输出错误；本批无 packages/ 改动，typecheck 面不受影响——B5 同口径）

-- vitest（改动面核对）
本批改动面全部在 examples/kb-agent（crm 新表面/引擎路由/insp 修复/w6b6 脚本）与 demos/ 证据——
仓库 vitest 套件不覆盖 examples/kb-agent（历史轮次同口径，W6-B3/B4/B5 gates 同），
无相关套件可跑，如实记 N/A。

-- oxlint staged 口径（本批改动面 9 文件：crm/src/server.ts、crm/src/main.ts、
   scripts/w6b6-crm.mts、scripts/approval-engine.mts（B6 增量段）、scripts/w6b2-rules.mts
   （修复债段）、scripts/w6b5-insp.mts（断言增量）、insp/src/server.ts、insp/src/main.ts、
   demos/acceptance-w6/w6-b6-shoot.mjs）
Found 0 warnings and 0 errors.

-- w6b6-crm --assert（B6 验收断言腿，32 项）
w6b6-crm: assert PASS（字段/审计表/唯一索引/铺页+iframe/五列计数+Σ金额 psql 对拍/
加权管道 Σ(金额×概率) 对拍/拖拽迁移写回 stage+probability+status+审计 actor/
360 订单计数+应收余额 ar_overdue 口径+时间线节点数对拍/转单发号+行项目+审批流提交/
报价 converted 标记/二次转单幂等拒绝/让步预警在册/六路枚举面）

-- node demos/acceptance-w6/w6-b6-shoot.mjs（live 三联 + CDP 全流程 + 负向）
w6-b6-shot-meta.json assertions 29/29 全绿（allGreen=true）：
CRM——管道看板渲染/XSS 探针惰性/合成拖拽迁移+psql 对账/客户360（真实客户 id=1 时间线
13 节点 dom=psql）/对话框转单（SO-2026-0094 · 行 1 · 已提交审批 pending）/二次转单拒绝/
no-token 401/buyer 越权 403 双路/XSS 未触发；
修复债——已完成 tab+历史 FQC 补签入口/报告 judged 列非恒 —/reviewer 回填/
让步 critical 预警在册/failed 结果页无报告按钮/双轮向导处置理由不泄漏+重开为空。

-- w6b5-insp --assert（B5 回归，含本批新增修复债冒烟 2 项，16 项）
w6b5-insp: assert PASS（judged 首行=合格 与 pass 一致；签发报告 reviewer 非空且渲染按档案回读）

-- w6b2-rules --assert（B2 六路规则回归）
w6b2-rules: assert 全部断言通过（六路含 ccp_deviation/inspection_fail；让步命中修复后口径）

-- 构建产物
examples/kb-agent/crm/dist/crm.js、examples/kb-agent/insp/dist/insp.js 均已重建并提交
（committed-bundle 约定——fresh checkout 免构建直接服务）。
