W6-R3 修复轮 gates（如实计数，2026-10-02）
================================================

改动文件（10+1）
  examples/kb-agent/labels/src/code128.ts
  examples/kb-agent/labels/src/server.ts
  examples/kb-agent/scripts/w6b3-trace.mts
  examples/kb-agent/scripts/w6b3-recall.mts
  examples/kb-agent/scripts/w6b3-labels-assert.mts
  examples/kb-agent/scripts/approval-engine.mts
  packages/client/ui-mobile/src/client/docs/DocsView.tsx
  packages/client/ui-mobile/src/client/ledgerService.ts
  packages/client/ui-mobile/src/client/alerts/AlertsView.tsx
  packages/host/apiproxy/src/api-proxy.ts
  demos/acceptance-w6/w6-r3-shoot.mjs（证据驱动脚本）

typecheck
  packages/host/apiproxy  tsc --noEmit -p tsconfig.json      exit 0
  packages/client/ui-mobile  tsc --noEmit -p tsconfig.json   exit 0

vitest（受影响面，非全仓套件）
  packages/host/apiproxy/tests/nocobase-domain.spec.ts
  packages/host/apiproxy/tests/nocobase-sessions-auth.spec.ts
  packages/host/apiproxy/tests/client-handler.spec.ts
  packages/client/ui-mobile/tests/alerts-view.client.spec.tsx
  packages/client/ui-mobile/tests/action-dispatch.client.spec.tsx
    → Test Files 4 passed (4)   Tests 65 passed (65)
  packages/client/ui-mobile/tests/docs-view.client.spec.tsx
    → Test Files 1 passed (1)   Tests 8 passed (8)

oxlint（.oxlintrc.staged.json，10 个改动文件）
  9 文件（除 api-proxy）      0 warnings, 0 errors
  packages/host/apiproxy/src/api-proxy.ts
    0 errors；1 warning = api-proxy.ts:4784 既有 unused
    oxlint-disable（connectors.list，非本轮改动行，如实保留）

业务断言（examples/kb-agent，实库实跑）
  w6b3-labels-assert.mts   PASS（19/19：round-trip/path 元素/XSS 负向/
                           GS1 外部向量 STOP-2331112+mod103+mid-FNC1+静区/
                           浏览器渲染层 path=124 drawn=124 width=248px）
  w6b3-recall.mts --assert PASS（18 项 ✓：due_date 拒/审计流水
                           initiate,notify,execute,close/createdAt 非空/
                           演练清理 单1 审计级联4 通知1/台账纯净）
  w6b3-trace.mts --assert  PASS（视图/孤儿0/三级链/混料去重/召回三元组）
  w6b2-rules.mts --assert  PASS（B2 四路预警不回退）

浏览器活体证据（demos/acceptance-w6/w6-r3-shoot.mjs）
  verdicts 21/21，截图 12 张（w6-r3-01~07b），meta 落
  w6-r3-shot-meta.json

移动端产物链（本轮重建）
  ui-mobile: tsc → tsdown（lib 24 files）→ apps/web vite build
  （mobile bundle hash 滚动，含 recall-notice/notificationInAppMessages/
   __LABEL_ENGINE_BASE__ 字面量）

文档/笔记
  Agent Note 三件套落位（feature/2026-10-02-w6-r3-food-compliance-delivery-fixes .md/.zh.md/.i18n.yaml）
  verify-translation-pairing: 1198 pair(s) checked, all consistent
