W6-R2 修复轮质量门禁记录（2026-10-02 11:08 Asia/Shanghai）

[PASS] pnpm run typecheck（全仓 0 error；host 面与 client 面两段均绿——含本批新增
       nocobase.alertAct 的接口/schema/client 三面注册与 fixture/fake-api 补齐）

[PASS] pnpm vitest run（聚焦复跑，6 文件 / 134 tests 全绿）：
       packages/host/apiproxy/tests/{nocobase-sessions-auth, client-handler,
       fetch-carrier, session-export}.spec.ts +
       packages/client/ui-mobile/tests/{alerts-view, ledger-service}.client.spec
       含新增四组：wfl_ 动词拆分（默认拒+白名单放行+读回归）、wfl_alerts 行级 scope
       （匿名拒/buyer 只见路由行/admin 全量）、alertAct（未配置拒/匿名拒/token 派生
       身份透传断言/引擎 403 透出）、mobile 行动作服务契约（token 附挂/无客户端叙述
       user/note 修剪/拒绝文案透出）。
       另：更早一次全量大跑（apiproxy×4 + ui-mobile 全目录，46 文件/783 tests）中
       sessions-auth 一例断言顺序错误与 alerts-view 的 antd-mobile 点击在 jsdom 下
       worker 卡死，均已修复并以本次聚焦复跑为准（点击接线由活体冒烟 w6-r2-01 覆盖）。

[PASS] npx oxlint --config .oxlintrc.staged.json <本批全部改动文件，23 个>
       0 errors / 2 warnings —— 两条均为预存 unused-disable directive
       （.oxlintrc.json 全量配置仍需要这两条指令；staged 配置规则集不同故报
       unused）。如实计数，不宣称 0 warnings；与 w6-b2-07-gates.log 的勘误一致。

[PASS] node --import tsx/esm examples/kb-agent/scripts/w6b2-rules.mts --assert
       十腿 41 项全绿（B2 已绿面回归：四路落库/幂等/效期对账/阈值可配/通知去重；
       R2 新增：三元转换负向×4 + reopen 二轮（基线+1）+ 认领意图表单/workflow 在库
       + 单规则失败隔离）。完整输出：w6-r2-08-assert.log

[PASS] 引擎活体：:13110 重启载新码后 /healthz 携 last_scan_at/last_scan_failures；
       POST /scan-alerts 响应含 failures 清单；坏规则注入→隔离→复原归零
       （w6-r2-04-fail-isolation.log）

[PASS] 网关活体探针（w6-r2-02-gw-verb-split.log，PASS 判定）：
       keeper token 复现 perm-probe 同路径 update×wfl_alerts → 403 且 psql 行未动；
       wfl_approval_todos list 回归 200；keeper 读面 4 行零越权零账期行；
       匿名 list/get 拒；alertAct 认领/拒绝/关闭三态闭环（token 身份）

[PASS] 四步闭环冒烟（w6-r2-01-closure.log + 01a~01d png，PASS）：
       keeper 登录 → #/alerts 名下 4 行（首页角标=4）→ 行内认领 →
       psql #4 owner=keeper|acknowledged → mobile 回显已认领+关闭按钮 →
       PC（admin）20 行表格含该行 已认领/keeper

[PASS] PC 桌面有效截图：w6-r2-07-pc-alert-center-desktop.png（交互式窗口，4 张
       统计卡 canvas 全挂载 + 表格 20 行 + keeper 回显；统计卡位序留 B10 不在本批）

真话债处置记录：
  1. w6-b2-07-gates.log 的「oxlint staged 0 warnings」以文末勘误修正（保留原文）。
  2. 全仓审计未发现任何「01b-*」文件引用（Agent Note zh/en、gates log、plan-w6、
     demos 清单均无；仓库内 01b 命中皆 git SHA 十六进制噪声）——验证报告所述
     幽灵引用在本仓库清单面不存在；B2 Note 证据索引已改为逐项实测存在的文件名
     （w6-b2-01…07 全部在盘）。
  3. Agent Note（zh/en）同步改写：客户端裁剪→网关行级 scope、wfl_ 全豁免→按动词
     拆分、reopen_count 恒 NULL→已修、门禁计数如实化。
