===== SCENARIO E: threshold reconfig (expiry warn_days 30→15→30) =====
-- E1 BEFORE expiry rows --
1|BEV-260825-02|critical|open||2026-10-02
2|SNA-260206-02|warning|open||2026-10-02
3|MILK-260914-01|critical|open||2026-10-02
4|MOON-260318-01|critical|open||2026-10-02
-- E1 BEFORE alert_rules id1 --
1|{"warn_days":30,"critical_days":7,"regulatory":true}|0ebdad9c802d0a32acbe51d0f0b29bbc
-- E2 UPDATE warn_days 30→15 --
{"warn_days": 15, "regulatory": true, "critical_days": 7}|b3eaba68e1bbccb2ec6be6c48a0484e4
UPDATE 1
06:27:58
-- E3 scan with warn_days=15 --
{"ok":true,"rules":[{"rule":"expiry","created":0,"updated":4,"resolved":0,"notified":0},{"rule":"cert_due","created":0,"updated":3,"resolved":0,"notified":0},{"rule":"ar_overdue","created":0,"updated":3,"resolved":0,"notified":0},{"rule":"quality_abnormal","created":0,"updated":3,"resolved":0,"notified":0}],"notified":1}
-- E4 AFTER expiry rows --
1|BEV-260825-02|critical|open|||2026-10-02
2|SNA-260206-02|warning|open|||2026-10-02
3|MILK-260914-01|critical|open|||2026-10-02
4|MOON-260318-01|critical|open|||2026-10-02
06:28:11
-- E2b UPDATE warn_days →10 (SNA removal_date=12d should fall out) --
{"warn_days": 10, "regulatory": true, "critical_days": 7}|0000ab7662fcb4906d272cb78c81eff3
UPDATE 1
-- E3b scan --
{"ok":true,"rules":[{"rule":"expiry","created":0,"updated":4,"resolved":0,"notified":0},{"rule":"cert_due","created":0,"updated":3,"resolved":0,"notified":0},{"rule":"ar_overdue","created":0,"updated":3,"resolved":0,"notified":0},{"rule":"quality_abnormal","created":0,"updated":3,"resolved":0,"notified":0}],"notified":0}
-- E4b AFTER expiry rows --
1|BEV-260825-02|critical|open||
2|SNA-260206-02|warning|open||
3|MILK-260914-01|critical|open||
4|MOON-260318-01|critical|open||
06:28:30
-- E2c UPDATE critical_days 7→1 (keep warn_days=10 as-is) --
{"warn_days": 10, "regulatory": true, "critical_days": 1}|407d2178f04d8b63d742d30265c51241
UPDATE 1
-- E3c scan --
{"ok":true,"rules":[{"rule":"expiry","created":0,"updated":4,"resolved":0,"notified":0},{"rule":"cert_due","created":0,"updated":3,"resolved":0,"notified":0},{"rule":"ar_overdue","created":0,"updated":3,"resolved":0,"notified":0},{"rule":"quality_abnormal","created":0,"updated":3,"resolved":0,"notified":0}],"notified":1}
-- E4c AFTER expiry rows --
1|BEV-260825-02|warning|open|
2|SNA-260206-02|warning|open|
3|MILK-260914-01|critical|open|
4|MOON-260318-01|critical|open|
-- E5 RESTORE params byte-level (target md5 0ebdad9c802d0a32acbe51d0f0b29bbc) --
{"warn_days":30,"critical_days":7,"regulatory":true}|0ebdad9c802d0a32acbe51d0f0b29bbc
UPDATE 1
-- E6 scan after restore --
{"ok":true,"rules":[{"rule":"expiry","created":0,"updated":4,"resolved":0,"notified":0},{"rule":"cert_due","created":0,"updated":3,"resolved":0,"notified":0},{"rule":"ar_overdue","created":0,"updated":3,"resolved":0,"notified":0},{"rule":"quality_abnormal","created":0,"updated":3,"resolved":0,"notified":0}],"notified":1}
-- E7 FINAL expiry rows (must match E1 BEFORE) --
1|BEV-260825-02|critical|open|
2|SNA-260206-02|warning|open|
3|MILK-260914-01|critical|open|
4|MOON-260318-01|critical|open|
-- E8 all rules md5 (must match baseline) --
1|0ebdad9c802d0a32acbe51d0f0b29bbc
2|d4e29e780663fca83e2a8516e1e578d7
3|471412031f21411e090d5d4de280f864
4|99914b932bd37a50b983c5e7c90ae93b
