== 终态核查 2026-10-02 06:46:31 ==
-- processes --
node    94305  mac   17u  IPv4 0x97f15d3bb065af3b      0t0  TCP 127.0.0.1:13110 (LISTEN)
node    95841  mac   17u  IPv4 0xbc9bc08039dc07ff      0t0  TCP 127.0.0.1:3080 (LISTEN)
-- engine healthz --
{"ok":true,"backlog_pending":0}
-- wfl_alerts final --
resolved|8
open|12
0
1|0ebdad9c802d0a32acbe51d0f0b29bbc
2|d4e29e780663fca83e2a8516e1e578d7
3|471412031f21411e090d5d4de280f864
4|99914b932bd37a50b983c5e7c90ae93b
-- evidence files --
demos/acceptance-w6/vfy-w6b2-a-poll.log
demos/acceptance-w6/vfy-w6b2-a-severity-recon.log
demos/acceptance-w6/vfy-w6b2-a1-home.png
demos/acceptance-w6/vfy-w6b2-a2-alerts.png
demos/acceptance-w6/vfy-w6b2-a4-dark.png
demos/acceptance-w6/vfy-w6b2-act.log
demos/acceptance-w6/vfy-w6b2-b-buyer-alerts.png
demos/acceptance-w6/vfy-w6b2-b-certdue.log
demos/acceptance-w6/vfy-w6b2-baseline.log
demos/acceptance-w6/vfy-w6b2-c-ar.log
demos/acceptance-w6/vfy-w6b2-c-finance-alerts.png
demos/acceptance-w6/vfy-w6b2-d-qc-alerts.png
demos/acceptance-w6/vfy-w6b2-d-quality.log
demos/acceptance-w6/vfy-w6b2-e-threshold.log
demos/acceptance-w6/vfy-w6b2-empty-planner.png
demos/acceptance-w6/vfy-w6b2-engine-boot.log
demos/acceptance-w6/vfy-w6b2-engine-failloud.log
demos/acceptance-w6/vfy-w6b2-f-idempotent.log
demos/acceptance-w6/vfy-w6b2-final-state.log
demos/acceptance-w6/vfy-w6b2-healthz.log
demos/acceptance-w6/vfy-w6b2-pc1-alert-list.png
demos/acceptance-w6/vfy-w6b2-pc2-alert-rules.png
demos/acceptance-w6/vfy-w6b2-perm-probe.log
demos/acceptance-w6/vfy-w6b2-restore-probe.log
demos/acceptance-w6/vfy-w6b2-rules-snapshot.log
demos/acceptance-w6/vfy-w6b2-token-expired.png
demos/acceptance-w6/vfy-w6b2-web-boot.log
demos/acceptance-w6/vfy-w6b2-xss-render.png
demos/acceptance-w6/vfy-w6b2-xss.log
-- notifications final count --
121
