# W6-B2 permission dimension live probe（verify-executor production-readiness 组, 2026-10-02 06:01:43 +0800）
# gateway: DSH_HOME=examples/kb-agent/.dsh pnpm dsh web --patch examples/kb-agent/cordis.patch.yml --no-open (PID 95210, :3080)
# protocol: keeper(普通角色) -> nocobase.update wfl_alerts #71 (resolved_by=system 行, 已脱离规则范围)

== [S0] psql 前值快照（目标行 id=71）==
id=71 title=证照 001FSMS4400（iso22000）363 天后到期 status=resolved owner=NULL resolved_by=system resolved_at=2026-10-02 resolve_note=扫描未命中：对象脱离规则范围或阈值收紧

== [S1] keeper 登录（nocobase.signIn）==
REQUEST: POST /api/nocobase.signIn {account:'keeper', password:'Keeper#2026'}
RESPONSE: {"type":"server-response","rpcId":"vfy-signin-1","result":{"ok":true,"value":{"username":"keeper","nickname":"仓管员·吴涛","token":"af80e991-42e3-4240-b011-4c92745c4103"}}}

== [S2] 探测#1：keeper token -> nocobase.update wfl_alerts#71，title=原值同串（语义无变化）==
REQUEST: POST /api/nocobase.update {collection:'wfl_alerts', id:71, values:{title:<原值同串>}, authToken:keeper-token}
RESPONSE: {"type":"server-response","rpcId":"vfy-upd-1","result":{"ok":true,"value":{"collection":"wfl_alerts","row":{"id":71,"rule_type":"cert_due","severity":"warning","entity":"srm_certificates","entity_code":"001FSMS4400","title":"证照 001FSMS4400（iso22000）363 天后到期","detail":{"issuer":"方圆标志认证集团","cert_type":"iso22000","days_left":363,"expires_at":"2027-09-30","supplier_id":1},"status":"resolved","owner":null,"notify_users":["admin","chenliqun","buyer"],"reopen_count":null,"first_seen_at":"2026-10-02","last_seen_at":"2026-10-02","notified_severity":"warning","resolved_by":"system","resolve_note":"扫描未命中：对象脱离规则范围或阈值收紧","rule_id":2,"entity_id":2,"dedup_key":"cert_due:srm_certificates:2","resolved_at":"2026-10-02"}}}}

-- psql 写后快照 --
-- psql 写后快照（修正列集，title 已被 keeper 写为同串，status 未动）--
id=71 title=证照 001FSMS4400（iso22000）363 天后到期 status=resolved owner=NULL resolved_by=system resolved_at=2026-10-02 notify_users=["admin", "chenliqun", "buyer"]

== [S3] 探测#2：keeper token -> status 'resolved'->'open'（状态流篡改）==
RESPONSE: {"type":"server-response","rpcId":"vfy-upd-2","result":{"ok":true,"value":{"collection":"wfl_alerts","row":{"id":71,"rule_type":"cert_due","severity":"warning","entity":"srm_certificates","entity_code":"001FSMS4400","title":"证照 001FSMS4400（iso22000）363 天后到期","detail":{"issuer":"方圆标志认证集团","cert_type":"iso22000","days_left":363,"expires_at":"2027-09-30","supplier_id":1},"status":"open","owner":null,"notify_users":["admin","chenliqun","buyer"],"reopen_count":null,"first_seen_at":"2026-10-02","last_seen_at":"2026-10-02","notified_severity":"warning","resolved_by":"system","resolve_note":"扫描未命中：对象脱离规则范围或阈值收紧","rule_id":2,"entity_id":2,"dedup_key":"cert_due:srm_certificates:2","resolved_at":"2026-10-02"}}}}
-- psql 篡改后快照 --
id=71 title=证照 001FSMS4400（iso22000）363 天后到期 status=open owner=NULL resolved_by=system resolved_at=2026-10-02 notify_users=["admin", "chenliqun", "buyer"]

== [S4] 恢复写：status='resolved', owner=NULL, resolved_by='system', resolved_at='2026-10-02', resolve_note=原值 ==
RESPONSE: {"type":"server-response","rpcId":"vfy-upd-3","result":{"ok":true,"value":{"collection":"wfl_alerts","row":{"id":71,"rule_type":"cert_due","severity":"warning","entity":"srm_certificates","entity_code":"001FSMS4400","title":"证照 001FSMS4400（iso22000）363 天后到期","detail":{"issuer":"方圆标志认证集团","cert_type":"iso22000","days_left":363,"expires_at":"2027-09-30","supplier_id":1},"status":"resolved","owner":null,"notify_users":["admin","chenliqun","buyer"],"reopen_count":null,"first_seen_at":"2026-10-02","last_seen_at":"2026-10-02","notified_severity":"warning","resolved_by":"system","resolve_note":"扫描未命中：对象脱离规则范围或阈值收紧","rule_id":2,"entity_id":2,"dedup_key":"cert_due:srm_certificates:2","resolved_at":"2026-10-02"}}}}
-- psql 终态快照（恢复验证）--
id=71 title=证照 001FSMS4400（iso22000）363 天后到期 status=resolved owner=NULL resolved_by=system resolved_at=2026-10-02 notify_users=["admin", "chenliqun", "buyer"]

== [S5] 反向对照 ==
[ctl-1] keeper token -> so_orders（keeper scope 无此集合，应拒）:
RESPONSE: {"type":"server-response","rpcId":"vfy-ctl-1","result":{"ok":false,"error":{"code":"nocobase-collection-forbidden","message":"账号 keeper 无权访问集合 so_orders","details":{"collection":"so_orders","username":"keeper"}}}}

[ctl-2] 匿名无 token -> wfl_alerts（应拒）:
RESPONSE: {"type":"server-response","rpcId":"vfy-ctl-2","result":{"ok":false,"error":{"code":"nocobase-unauthorized","message":"业务记录修改需要登录：请先通过 nocobase.signIn 获取会话凭据","details":{}}}}

[ctl-3] 无效 token -> wfl_alerts（应拒）:
RESPONSE: {"type":"server-response","rpcId":"vfy-ctl-3","result":{"ok":false,"error":{"code":"nocobase-unauthorized","message":"业务记录修改需要登录：请先通过 nocobase.signIn 获取会话凭据","details":{}}}}

== [S6] 恢复终态复核（含 resolve_note/title 全字段）==
id=71 status=resolved owner=NULL resolved_by=system resolved_at=2026-10-02 note=扫描未命中：对象脱离规则范围或阈值收紧 title_ok=true

== [S7] 附：keeper token 直读 IDOR 面（nocobase.list wfl_alerts，服务端不过滤）==
RESPONSE count/rows summary: count=12 / 4 个 ar_overdue 行出现在 keeper 会话返回中（finance 财务预警对 keeper 可见）
