    rule_type     |                        params                        |             route_to              | enabled
------------------+------------------------------------------------------+-----------------------------------+---------
 expiry           | {"warn_days":30,"critical_days":7,"regulatory":true} | {"departments":["仓储部"]}        | t
 cert_due         | {"warn_days":30,"critical_days":7}                   | {"departments":["采购部"]}        | t
 ar_overdue       | {"warn_days":7}                                      | {"users":["finance","sales_rep"]} | t
 quality_abnormal | {}                                                   | {"departments":["质检部"]}        | t
(4 rows)

 engine_expiry
---------------
             4
(1 row)

 recon_expiry
--------------
            4
(1 row)

    rule_type     | severity |       entity       |        entity_code         |                         title                          | status | owner |           notify_users           | first_seen_at | last_seen_at | reopen_count
------------------+----------+--------------------+----------------------------+--------------------------------------------------------+--------+-------+----------------------------------+---------------+--------------+--------------
 ar_overdue       | warning  | so_orders          | SO-2026-0001               | 订单 SO-2026-0001 4 天后到期，余额 ¥2420.00            | open   |       | ["finance", "sales_rep"]         | 2026-10-02    | 2026-10-02   |
 ar_overdue       | warning  | so_orders          | SO-W5B4-01                 | 订单 SO-W5B4-01 4 天后到期，余额 ¥60.00                | open   |       | ["finance", "sales_rep"]         | 2026-10-02    | 2026-10-02   |
 ar_overdue       | critical | so_orders          | SO-W6B2-SEED               | 订单 SO-W6B2-SEED 逾期 30 天，余额 ¥18800.00           | open   |       | ["finance", "sales_rep"]         | 2026-10-02    | 2026-10-02   |
 cert_due         | warning  | srm_certificates   | HACCP-2024-0561            | 证照 HACCP-2024-0561（haccp）8 天后到期                | open   |       | ["admin", "chenliqun", "buyer"]  | 2026-10-02    | 2026-10-02   |
 cert_due         | warning  | srm_certificates   | QS-SC-2023-88              | 证照 QS-SC-2023-88（other）8 天后到期                  | open   |       | ["admin", "chenliqun", "buyer"]  | 2026-10-02    | 2026-10-02   |
 cert_due         | critical | srm_certificates   | 001FSMS4401                | 证照 001FSMS4401（iso22000）已过期 27 天               | open   |       | ["admin", "chenliqun", "buyer"]  | 2026-10-02    | 2026-10-02   |
 expiry           | warning  | wms_lots           | SNA-260206-02              | 批次 SNA-260206-02 32 天后到期                         | open   |       | ["b4guard", "keeper"]            | 2026-10-02    | 2026-10-02   |
 expiry           | critical | wms_lots           | BEV-260825-02              | 批次 BEV-260825-02 7 天后到期                          | open   |       | ["b4guard", "keeper"]            | 2026-10-02    | 2026-10-02   |
 expiry           | critical | wms_lots           | MILK-260914-01             | 批次 MILK-260914-01 已过期 11 天                       | open   |       | ["b4guard", "keeper"]            | 2026-10-02    | 2026-10-02   |
 expiry           | critical | wms_lots           | MOON-260318-01             | 批次 MOON-260318-01 已过期 18 天                       | open   |       | ["b4guard", "keeper"]            | 2026-10-02    | 2026-10-02   |
 quality_abnormal | warning  | qm_nc_dispositions | QM-NC-2026-0005            | 不合格处置 QM-NC-2026-0005 待处置（return）            | open   |       | ["qc_inspector", "quality_lead"] | 2026-10-02    | 2026-10-02   |
 quality_abnormal | warning  | qm_nc_dispositions | QM-NC-VFYB1-20261001231143 | 不合格处置 QM-NC-VFYB1-20261001231143 待处置（return） | open   |       | ["qc_inspector", "quality_lead"] | 2026-10-02    | 2026-10-02   |
(12 rows)

 total_rows | distinct_dedup
------------+----------------
         20 |             20
(1 row)

 channelName  | count
--------------+-------
 alert-center |    94
(1 row)

   username   | count
--------------+-------
 chenliqun    |    24
 admin        |    24
 buyer        |    24
 sales_rep    |     4
 b4guard      |     4
 keeper       |     4
 finance      |     4
 quality_lead |     3
 qc_inspector |     3
(9 rows)

    rule_type     |               min
------------------+----------------------------------
 quality_abnormal | ["qc_inspector", "quality_lead"]
 ar_overdue       | ["finance", "sales_rep"]
 expiry           | ["b4guard", "keeper"]
 cert_due         | ["admin", "chenliqun", "buyer"]
(4 rows)

 id | rule_type |  status  | owner | resolved_by |              resolve_note              | reopen_count
----+-----------+----------+-------+-------------+----------------------------------------+--------------
 80 | cert_due  | resolved |       | system      | 扫描未命中：对象脱离规则范围或阈值收紧 |
 79 | cert_due  | resolved |       | system      | 扫描未命中：对象脱离规则范围或阈值收紧 |
 78 | cert_due  | resolved |       | system      | 扫描未命中：对象脱离规则范围或阈值收紧 |
 77 | cert_due  | resolved |       | system      | 扫描未命中：对象脱离规则范围或阈值收紧 |
 73 | cert_due  | resolved |       | system      | 扫描未命中：对象脱离规则范围或阈值收紧 |
 72 | cert_due  | resolved |       | system      | 扫描未命中：对象脱离规则范围或阈值收紧 |
(6 rows)

  title   |   type
----------+----------
 预警列表 | flowPage
 预警规则 | flowPage
 预警中心 | group
(3 rows)

      block_use       |        uid        | sort_index
----------------------+-------------------+------------
 ChartBlockModel      | w4b3scoqj3q1sgxqn | NULL
 ChartBlockModel      | w4b3scwhmgaock0r  | NULL
 ChartBlockModel      | w4b3scww8h0r0x1kp | NULL
 ChartBlockModel      | w4b3sczmntufjmhzf | NULL
 FilterFormBlockModel | 6w5jpvdcxj8       | NULL
 TableBlockModel      | w6b2tbqhlz5tm1cnq | 10
(6 rows)

 roleName |    name     | actions
----------+-------------+---------
 admin    | alert_rules | view
 admin    | wfl_alerts  | view
 member   | alert_rules | view
 member   | wfl_alerts  | view
 root     | alert_rules | view
 root     | wfl_alerts  | view
(6 rows)
