w6b3-labels: --assert 开始（锚点 MFG-20260926-03）
  ✓ 引擎 /label/lot.svg 渲染产出 — 4419B
  ✓ 条码为真实 <path> 元素（lesson19 渲染 0 像素修复） — 124 条
  ✓ 条码回读：SVG bars 解码出 GS1 元素串 — 解码批号 MFG-20260926-03
  ✓ AI(10) 批号 = wms_lots.lot_no
  ✓ AI(11) 生产日期与库一致 — 2026-09-26 == 2026-09-26
  ✓ AI(17) 到期日与库一致 — 2027-06-23 == 2027-06-23
  ✓ AI(01) GTIN 为 14 位产品级编码 — 90000000000010
  ✓ 法定最低信息集文本行（批号/日期）
  ✓ 外部向量：STOP 终止条 13 模块（2-3-3-1-1-1-2）
  ✓ 外部向量：STOP 宽度序列 2331112（ISO 15417） — 2331112
  ✓ 外部向量：校验字符 = 加权和 mod 103 — 26 vs 26
  ✓ 外部向量：变长 AI(10) 后紧跟 mid-FNC1（GS1 §7.8.4） — batch末位@16 FNC1@17：-,2,6,FNC1,CODE C
  ✓ 外部向量：头部 FNC1 与 mid-FNC1 之间无第三个分隔（固定长 AI 01 直达） — 01,06,90,12,34,56,78,92,CODE B,1
  ✓ 外部向量：静区 ≥10 模块宽（GS1 5.4.6） — quiet=38px 10X=7px
  ✓ XSS 负向：无未转义 <script 开标签（SVG 区）
  ✓ XSS 负向：无未转义 </script 闭标签
  ✓ XSS 负向：注入五字符全以实体形态出现 — lt/script/amp/#39/quot
  ✓ 浏览器渲染层：path 元素数量 > 0 — paths=124
  ✓ 浏览器渲染层：实际渲染宽度 > 0（getBBox） — drawn=124 totalWidth=248px svg=378px
w6b3-labels: --assert PASS
