# W6-B10 psql 对账（2026-10-03T03:03:42.918Z，八角色随行走查）
  ✓ r1 采购员｜发号唯一：六守卫集合零撞号 — 0
  ✓ r1 采购员｜PO 在库 ≥1（演练台账有源） — 31
  ✓ r1 采购员｜比价定标行（is_won）≥1 — 4
  ✓ r2 计划员｜生产订单 ≥1 — 36
  ✓ r2 计划员｜工序行（APS 面）≥1 — 19
  ✓ r2 计划员｜维保工单 ≥1 — 10
  ✓ r3 车间主任｜报工记录 ≥1 — 52
  ✓ r3 车间主任｜CCP 结构化记录 ≥1（mfg_ccp_records） — 36
  ✓ r3 车间主任｜BOM 版本 ≥2（版本化在位） — 26
  ✓ r4 质检员｜出厂报告九要素档案 ≥1 — 1
  ✓ r4 质检员｜拒收→预警行 ≥1 — 20
  ✓ r4 质检员｜召回任务单 ≥1 — 6
  ✓ r5 仓管员｜效期预警：引擎行数 = 手写双轨 SQL — 0
  ✓ r5 仓管员｜预警幂等：总行数 = 去重键数 — 0
  ✓ r5 仓管员｜in-app 通知 ≥1（alert-center 渠道） — 1077
  ✓ r6 销售｜商机 ≥1 — 13
  ✓ r6 销售｜概率状态一致：won=100/lost=0 违例数 — 0
  ℹ r6 销售｜加权管道总额（信息项，与 B6 对账口径同源） — 437300.00
  ✓ r7 财务｜账龄五桶合计 = 逾期 AR 总额（B9 cut 口径：仅 need_date<今天） — 0.00
  ✓ r7 财务｜催收记录 ≥1（append-only 台账在） — 3
  ✓ r7 财务｜三单差异 ≥1（匹配面有数据） — 6
  ✓ r8 管理员｜预警规则八路全启用（B2四路+B4 CCP+B5检验+B8校准/维保） — 8
  ✓ r8 管理员｜审批流配置在库（设计器事实源） — 12
# 合计 8 角色，通过 8
