— 结构
  ✓ pur_sourcing_config 行 id=1 在位且权重和=100 — 50|30|20
  ✓ pur_rfqs.doc_status 枚举含 awarded
  ✓ pur_quotes.status 枚举含 lost/backup
  ✓ pur_rfqs.awarded_at 列在位（W6-R4 定标时间）
  ✓ pur_award_audit 表在位（award_id/actor/action/payload/ts）
  ✓ pur_sourcing_weight_audit 表在位（权重 append-only 审计）
  ✓ pur_quotes 每询价单至多一行 is_won（部分唯一索引）
— 铺页形态
  ✓ 比价表 JSBlock（w6b7-matrix）在位
  ✓ 采购订单 JSBlock（w6b7-po-board 泳道）在位
  ✓ 发票匹配 bar（pur_invoices×match_result）在位
  ✓ 付款申请 doughnut（pur_payments×doc_status）在位
  ▣ 采购申请：table-only
  ▣ 询价管理：table-only
  ▣ 供应商报价：table-only
  □ 比价表：jsblock
  □ 采购订单：jsblock
  □ 发票匹配：chart+jsblock
  □ 付款申请：chart
  □ 采购看板：kanban
  ✓ 采购组纯表格页 ≤4/8 — table=3/8
— live + demo 终态
  ✓ 引擎 live GET /sourcing/rfqs 200 — status=200
  ✓ RFQ-B7J1 终态 awarded
  ✓ B7J1 awarded_at 非空（定标时间快照）
  ✓ B7J1 定标审计行在（award/replay/resubmit 全链）
  ✓ B7J1 定标 PO 回链在位
  ✓ 权重恢复 50/30/20
  ✓ demo RFQ 已清理
  ✓ XSS 供应商残留=0
w6b7 assert: PASS
