== W6-B3 psql 对账（2026-10-02T04:35:14Z，与 w6-b3-10-assert.log 同口径 ==
-- ① 反向：MFG-20260926-03 上游闭包（原料批+供应商）
   kind   |          label
----------+--------------------------
 supplier | 山东鲁丰食品配料有限公司
 supplier | 绿源包装材料有限公司
 lot_in   | RM-260920-C1
 lot_in   | RM-260920-H1
 lot_in   | RM-260920-M1
 lot_in   | RM-260920-P1
 mo       | MO-2026-0001
(7 rows)

-- ② 正向召回范围：RM-260920-M1 三元组（与 DAG 侧栏/冻结快照一致）
 fg_lots | sos | customers
---------+-----+-----------
       5 |   1 |         1
(1 row)

-- ③ 召回任务单 + 冻结范围与实时闭包对拍
      code       |  anchor_lot  |  status   |    owner     | fg_count | so_count | customer_count | notified_at | closed_at
-----------------+--------------+-----------+--------------+----------+----------+----------------+-------------+------------
 RC-20261002-001 | RM-260920-M1 | initiated | qc_inspector |        5 |        1 |              1 |             |
 RC-20261002-002 | RM-260920-M1 | closed    | qc_inspector |        5 |        1 |              1 | 2026-10-02  | 2026-10-02
 RC-20261002-003 | RM-260920-M1 | closed    | qc_inspector |        5 |        1 |              1 | 2026-10-02  | 2026-10-02
(3 rows)

      code       |                                                                                                                                                                              frozen_fg_lots                                                                                                                                                                               |        customers
-----------------+---------------------------------------------------------------------------------------------------------------------------------------------------------------------------------------------------------------------------------------------------------------------------------------------------------------------------------------------------------------------------+--------------------------
 RC-20261002-001 | [{"lot_no":"MFG-20260926-03","product":"海苔芝士米果 80g","on_hand":4000},{"lot_no":"MFG-20260926-04","product":"海苔芝士米果 80g","on_hand":23706},{"lot_no":"MFG-20260928-06","product":"海苔芝士米果 80g","on_hand":23606},{"lot_no":"LOT-W5B4-06","product":"海苔芝士米果 80g","on_hand":500},{"lot_no":"MFG-20260926-C02","product":"海苔芝士米果 80g","on_hand":0}] | ["漯河宏发食品有限公司"]
(1 row)

-- ④ 责任人通知送达（B2 通知面 in-app）
                       title                        | status | receiveTimestamp
----------------------------------------------------+--------+------------------
 【召回任务】RC-20261002-003：问题批次 RM-260920-M1 | unread |    1790915677664
 【召回任务】RC-20261002-002：问题批次 RM-260920-M1 | unread |    1790912181520
 【召回任务】RC-20261002-001：问题批次 RM-260920-M1 | unread |    1790912086214
(3 rows)

-- ⑥ receipts 外键回填孤儿
orphan_receipts=0
-- ③补 完工效期继承
completions_without_lot=0
