  ✓ 引擎在线（/healthz） — http://127.0.0.1:13110
— 字段与审计表
  ✓ crm_deals.probability 列在位（拖拽概率回写） — cols=1
  ✓ crm_quotes.converted_so_code 列在位（转单幂等标记） — cols=1
  ✓ crm_stage_audit 审计列齐全（7 列） — cols=7
  ✓ 一报价一转单 部分唯一索引 — idx=1
  ✓ 存量商机概率已按阶段回填 — nulls=0
— 铺页
  ✓ v2 页「商机管道」在销售管理组下
  ✓ 商机管道 iframe 块指向引擎 /crm — http://127.0.0.1:13110/crm
— 管道看板对拍（engine pipe.json × psql 按阶段聚合）
  ✓ 列「询价（线索）」计数+Σ金额 = psql 对账 — board=4/418000 psql=4/418000.00
  ✓ 列「报价（方案）」计数+Σ金额 = psql 对账 — board=4/494000 psql=4/494000.00
  ✓ 列「谈判」计数+Σ金额 = psql 对账 — board=1/35000 psql=1/35000.00
  ✓ 列「赢单」计数+Σ金额 = psql 对账 — board=3/147000 psql=3/147000.00
  ✓ 列「输单」计数+Σ金额 = psql 对账 — board=1/58000 psql=1/58000.00
  ✓ 加权管道总额 = psql Σ(金额×概率) 对账 — board=263900 psql=263900
  ✓ 演练商机在册（管道迁移腿） — id=37
  ✓ 拖拽迁移写回（inquiry→quote：stage+probability+status） — quote|40|pending（期望 quote|40|pending）
  ✓ 迁移审计行落库（actor=会话身份） — rows=1
— 客户 360 聚合对拍
  ✓ 演练客户在册（360 腿） — id=45
  ✓ 360 订单计数 = psql — board=0 psql=0
  ✓ 360 应收余额 = ar_overdue 口径对拍 — board=0 psql=0
  ✓ 360 时间线节点数 = psql（报价+订单+发货+收款） — board=1 psql=1
  ✓ 时间线节点种类 ⊆ 四类（quote/order/ship/payment） — quote
— 报价转单（发号+行项目+审批流+幂等防重）
  ✓ 演练报价在册（转单腿） — id=43
  ✓ 转单生成 SO（服务端发号） — SO-2026-0094
  ✓ SO 金额 = Σ行（数量×单价） — SO-2026-0094 amount=1000
  ✓ SO 已提交审批流（doc_status 离开 draft） — SO-2026-0094 doc_status=pending
  ✓ SO 产品行落库 — lines=1
  ✓ 报价标记已转（status=converted + 单号回写） — converted|SO-2026-0094
  ✓ 二次转单被幂等拒绝（不重复发号） — replay→SO-2026-0094 rows=1→1
— B5 修复债回归（让步预警在册 / 六路枚举面）
w6b2-rules: scan pass — expiry+0/~5/-0 cert_due+0/~3/-0 ar_overdue+0/~3/-0 quality_abnormal+0/~42/-0 ccp_deviation+0/~7/-0 inspection_fail+0/~20/-0 calibration_due+0/~3/-0 maint_overdue+0/~1/-0 notified=0
  ✓ 让步（特采）后 critical 预警仍在册（人工关闭才 resolved） — open=1 resolved=0
  ✓ alert_rules.rule_type 字段枚举含六路（+ccp_deviation/inspection_fail） — expiry/cert_due/ar_overdue/quality_abnormal/ccp_deviation/inspection_fail/calibration_due/maint_overdue
  ✓ wfl_alerts.rule_type 字段枚举含六路（+ccp_deviation/inspection_fail） — expiry/cert_due/ar_overdue/quality_abnormal/ccp_deviation/inspection_fail/calibration_due/maint_overdue
w6b6-crm: assert PASS
