w6b1-sync: assert（断言腿）
— G8 补偿队列基座（wfl_effect_backlog + /healthz backlog_pending）
  ✓ wfl_effect_backlog 集合存在
  ✓ /healthz 报告 backlog_pending — backlog_pending=0
— G2 待办读对账 + 状态回流闭环探针
  ✓ 引擎待办 = psql open 行数（buyer） — engine=0 psql=0
  ✓ 闭环探针采购单落库（draft） — PO-W6B1-20261001114916 #47
  ✓ buyer 送审 → pending — to_state=pending
  ✓ 待办路由真实主管（非 buyer/admin） — todo=chenliqun
  ✓ 主管批准 → approved — to_state=approved
  ✓ 单据状态已回流（approved） — doc_status=approved
  ✓ 待办已关闭（open=0） — open=0
— G7 湖仓定时 transfer（nb_pur_orders 快照对账）
  · transfer: tables=13 skipped=0 rows=388
  ✓ 湖仓 nb_pur_orders 行数 = psql 实时行数 — lake=29 psql=29
— G8 补偿队列自动重放（幂等钩子）
  ✓ pending 行已入队 — so_orders#25 SO-W5B5-NODATE
mrp-run: SO SO-W5B5-NODATE 预留 → FD-SOY-500 欠 10（已有 10）+0
approval-engine: backlog replay ok — so_orders#25 (SO-W5B5-NODATE)
  · drain: replayed=1 done=1 failed=0
  ✓ 重放后行落 done — status=done
— G5 服务端发号（守卫集合无重复号；分配路径见 tool-nocobase 单测）
  ✓ 六个守卫集合零撞号
  ✓ PO 当年号段连续可续（服务端 max+1 可解析） — max=1052
w6b1-sync: 全部断言通过
