w6b2-rules: assert（验收断言矩阵——首次环境先 --seed --seed-ar）
— ① 两表列齐全（information_schema 对照，date-only 串列）
  ✓ alert_rules 列齐全
  ✓ wfl_alerts 列齐全
  ✓ dedup 唯一索引在库 — ux_wfl_alerts_dedup=1
  ✓ 通知渠道 alert-center 已注册 — channels=1
— ② 四路规则 seeded 且启用
  ✓ 四路规则各一行启用 — expiry,cert_due,ar_overdue,quality_abnormal
— ③ 首扫产出（每路 ≥1 行、级别分层在库）
w6b2-rules: scan pass — expiry+0/~4/-0 cert_due+0/~3/-0 ar_overdue+0/~3/-0 quality_abnormal+0/~3/-0 notified=0
  ✓ expiry 有生效预警行 — rows=4
  ✓ cert_due 有生效预警行 — rows=3
  ✓ ar_overdue 有生效预警行 — rows=3
  ✓ quality_abnormal 有生效预警行 — rows=3
  ✓ 红黄两层都有数据 — distinct severity=2
— ④ 幂等契约（连续两轮扫描 count 不增）
w6b2-rules: scan pass — expiry+0/~4/-0 cert_due+0/~3/-0 ar_overdue+0/~3/-0 quality_abnormal+0/~3/-0 notified=0
w6b2-rules: scan pass — expiry+0/~4/-0 cert_due+0/~3/-0 ar_overdue+0/~3/-0 quality_abnormal+0/~3/-0 notified=0
  ✓ 两轮扫描总行数不变 — before=20 after=20
— ⑤ 效期对账（引擎行数 = 手写四日期×双轨阈值 SQL，差异=0）
  ✓ 效期引擎=手写对账 — engine=4 recon=4
— ⑥ 阈值可配（放大窗口→分层变化；恢复→系统自动关闭）
w6b2-rules: scan pass — expiry+0/~4/-0 cert_due+0/~10/-0 ar_overdue+0/~3/-0 quality_abnormal+0/~3/-0 notified=7
  ✓ 放大 warn_days 30→400 后新增预警行 — baseline=3 widened=10
w6b2-rules: scan pass — expiry+0/~4/-0 cert_due+0/~3/-7 ar_overdue+0/~3/-0 quality_abnormal+0/~3/-0 notified=0
  ✓ 恢复阈值后未命中行被系统自动关闭 — restored=3 baseline=3
  ✓ 规则参数已复原 — t
— ⑦ 通知送达 + 责任人路由
  ✓ in-app 通知已产生 — messages=115
  ✓ 仓储部 keeper 收到效期预警通知 — keeper messages=4
  ✓ 效期路由到仓储部（notify_users 含 keeper） — ["b4guard", "keeper"]
  ✓ 账期路由 finance/sales_rep — ["finance", "sales_rep"]
— ⑧ 处理动作状态流 + 白名单（越权认领拒绝）
  ✓ 非路由用户（keeper 认领账期预警）被拒 — moved=0
  ✓ 未认领直接关闭被拒 — moved=0
  ✓ finance 认领账期预警成功 — moved=1
  ✓ 认领落库 owner=finance status=acknowledged — finance|acknowledged
  ✓ 认领人关闭成功 — moved=1
  ✓ 关闭留痕 resolved_by=finance — resolved|finance
— ⑨ 预警中心两页在库（组+两 flowPage+表格块）
  ✓ 菜单组「预警中心」
  ✓ 页「预警列表」
  ✓ 页「预警规则」
  ✓ wfl_alerts 表格块在库 — 1 块
  ✓ alert_rules 表格块在库 — 1 块
w6b2-rules: assert 全部断言通过
