W6-B10 reconciliation matrix — 2026-10-04 05:03:06 CST

== A. B0/B1 身份与同步闭环 ==
gate 01 发号唯一：六守卫集合零撞号: PASS — 0
gate 02 审批人真实化（B0 非admin审批≥1）: PASS — 100
gate 03 G2 待办对账：engine /todos = psql open（qc_inspector）: PASS — 0
gate 04 G8 补偿队列 pending=0: PASS — 0
gate 05 G5 湖仓快照 nb_* 表 =13: PASS — 13
gate 06 G5 湖仓 nb_pur_orders 行数 = psql: PASS — 31

== B. B2 规则引擎与预警中心 ==
gate 07 预警规则启用 =8（B2四路+B4CCP+B5检验+B8校准/维保）: PASS — 8
gate 08 效期预警：引擎行数 = 手写双轨 SQL（diff=0）: PASS — 0
gate 09 预警幂等：总行数 = 去重键数: PASS — 0
gate 10 in-app 通知送达 ≥1: PASS — 1465
gate 11 路由覆盖：效期 notify 含 keeper: PASS — 5

== C. B3 追溯/召回/条码 ==
gate 12 追溯视图在位：v_trace_nodes(131)≥1 与 v_trace_edges(129)≥1: PASS — 2
gate 13 召回任务单号唯一（diff=0）: PASS — 0
gate 14 召回冻结快照 fg_count = 数组长度（Σdiff=0）: PASS — 0
gate 15 召回通知送达 ≥1: PASS — 8
gate 16 receipts 外键回填孤儿 =0: PASS — 0
gate 17 完工效期继承：无批次完工 =0: PASS — 0
gate 18 条码中心批次源 = wms_lots: PASS — 60

== D. B4 执行面/CCP/配方版本 ==
gate 19 CCP 监控记录 ≥1: PASS — 17
gate 20 CCP 越限→预警行 ≥1: PASS — 39
gate 21 配方 BOM 版本 ≥2: PASS — 38
gate 22 ECO 审批通过 ≥1（approved_by 回填）: PASS — 1

== E. B5 检验工作台/出厂报告 ==
gate 23 AQL 抽样 15 段表在库: PASS — 15
gate 24 出厂报告九要素非空违例 =0: PASS — 0
gate 25 报告编号唯一+一检验一报告索引 =2: PASS — 2
gate 26 拒收→inspection_fail 预警 ≥1: PASS — 20

== F. B6 商机管道/客户360 ==
gate 27 概率状态一致（won=100/lost=0）违例 =0: PASS — 0
gate 28 商机在库 ≥1（管道有源）: PASS — 13
gate 29 报价转单留痕（converted_so_code 回链 so_orders）≥1: PASS — 1

== G. B7 比价矩阵/定标 ==
gate 30 定标唯一：每组至多一个 is_won: PASS — 0
gate 31 定标行 ≥1: PASS — 4
gate 32 RFQ 定标闭环（awarded_at 回填）≥1: PASS — 2

== H. B8 设备计量/排产 ==
gate 33 维保状态机合法闭集违例 =0: PASS — 0
gate 34 预防性引擎工单 ≥1（source=plan）: PASS — 1
gate 35 计量校准到期预警 ≥1: PASS — 3
gate 36 APS what-if 运行留痕 ≥1（delta/applied 完整）: PASS — 15

== I. B9 驾驶舱/财务 P1 ==
gate 37 驾驶舱期间营收卡 = psql 发货口径: PASS — 80920.0
gate 38 账龄五桶合计 = 逾期 AR 总额: PASS — 0.00
gate 39 对账单四段等式 Σ|期初+发货−回款−期末| =0: PASS — 0.00
gate 40 付款门：未收货付款被拦（403）: PASS
gate 41 催收台账 append-only 拦截 UPDATE: PASS

== J. 审批引擎横切 ==
gate 42 审批动作闭集违例 =0: PASS — 0
gate 43 待办状态闭集违例 =0: PASS — 0
gate 44 审批流配置在库（设计器事实源）≥1: PASS — 12

== W6-B10 matrix: 44 gates, 0 failed ==
MATRIX ALL PASS
