W6-R3 P0-4 /recall/* 身份门证据（HTTP 实跑 + 页面操作台实跑，2026-10-02）
========================================================================

一、HTTP 直跑（curl，引擎 :13110 / 平台 :13000）

1) 无凭据自报 actor=qc_inspector（白名单内身份，但无凭据）
   $ curl -X POST :13110/recall/create -d '{"lot_no":"RM-260920-M1","owner":"qc_inspector","actor":"qc_inspector"}'
   → HTTP 401
     {"ok":false,"error":"召回端点需要平台会话（authorization: Bearer <NOCOBASE_TOKEN>）——actor 由会话推导，不接受自报"}

2) buyer 会话（Buyer#2026 登录）声称 actor=qc_inspector（伪造身份）
   → HTTP 403
     {"ok":false,"error":"actor qc_inspector 与会话身份 buyer 不符——身份以会话推导为准"}

3) buyer 会话裸调用（不在 quality/admin 白名单）
   → HTTP 403
     {"ok":false,"error":"召回发起受限（quality/admin）：buyer 不在白名单 admin/nocobase/quality_lead/qc_inspector"}

4) qc_inspector 会话（Qc#2026 登录）发起
   → HTTP 200 {"ok":true,"code":"RC-20261002-007"}

5) qc_inspector 会话流转 notify / execute / close
   → HTTP 200 ×3（moved=1 each；关闭带记录说明）

6) GET /recall/scope?lot_no=RM-260920-M1（qc 会话）
   → HTTP 200（forward closure 三元组）

二、页面操作台实跑（NocoBase 页跨源 fetch 引擎，CORS 全链）
   见 w6-r3-shot-meta.json → identityGate：
     noCredentialStatus  = 401
     forgedActorStatus   = 403（forgedActorBody="actor qc_inspector 与会话身份 buyer 不符——身份以会话推导为准"）
     sessionCreateStatus = 200（admin 会话，owner=qc_inspector）
   consoleFlow：操作台按钮 notify/execute/close 全 OK（会话身份 nocobase，
   actRecall root 旁路 = admin/nocobase）
   审计流水：initiate,notify,execute,close（cleanup.recallAuditTrail）

三、引擎侧实现
   recallActor()：authorization Bearer → 平台 /api/auth:check → username（窄重试3次
   防 schema 写后的断连窗口）；body 自报 actor 与会话不符 → 403；缺省 admin 已删。
   /recall/create、/recall/act、/recall/scope 三端点全覆盖；OPTIONS 预检 204+CORS，
   错误路径（401/403/400）同样带 CORS 头（跨源页面必须看到事实而非 fetch 失败）。
