== [1] 注入坏规则（ar_overdue warn_days='oops'）==
UPDATE 1
== [2] POST /scan-alerts（引擎进程内隔离）==
{
    "ok": true,
    "rules": [
        {
            "rule": "expiry",
            "created": 0,
            "updated": 4,
            "resolved": 0,
            "notified": 0
        },
        {
            "rule": "cert_due",
            "created": 0,
            "updated": 3,
            "resolved": 0,
            "notified": 0
        },
        {
            "rule": "quality_abnormal",
            "created": 0,
            "updated": 3,
            "resolved": 0,
            "notified": 0
        }
    ],
    "notified": 1,
    "failures": [
        {
            "rule": "ar_overdue",
            "error": "\u89c4\u5219\u53c2\u6570 ar_overdue.warn_days \u9700\u4e3a 0~100000 \u6574\u6570\uff08\u6536\u5230 oops\uff09"
== [3] healthz 扫描指针（last_scan_failures 应 ≥1）==
{"ok":true,"backlog_pending":0,"last_scan_at":"2026-10-02T01:15:44.532Z","last_scan_failures":1}
== [4] 其余三路仍落库（expiry/cert/quality last_seen_at=CURRENT_DATE）==
cert_due=10
expiry=4
quality_abnormal=3
== [5] 失败审计行 ==
4 | ar_overdue | scan | 规则参数 ar_overdue.warn_days 需为 0~100000 整数（收到 oops）
3 | ar_overdue | scan | 规则参数 ar_overdue.warn_days 需为 0~100000 整数（收到 oops）
2 | ar_overdue | scan | 规则参数 ar_overdue.warn_days 需为 0~100000 整数（收到 oops）
== [6] 配置复原 + 复扫（failures 归零）==
UPDATE 1
rules= ['expiry+0/-0', 'cert_due+0/-0', 'ar_overdue+0/-0', 'quality_abnormal+0/-0'] failures= []
{"ok":true,"backlog_pending":0,"last_scan_at":"2026-10-02T01:15:46.781Z","last_scan_failures":0}
