approval-engine: serving on http://127.0.0.1:13110 (POST /act, POST /submit, POST /post-count-adjust, POST /scan-reorder, POST /calc-scorecard, POST /run-mrp, POST /calc-kpi, POST /run-nightly, POST /scan-alerts, POST /alerts/act, POST /confirm-suggestion, POST /recall/create, POST /recall/act, GET /todos, GET /healthz, GET /labels, GET /label/lots.json, GET /label/lot.svg)
approval-engine: W3-B6 terminals on :13110 — GET /terminals/{report,inspect,receive}.html + terminal.css; GET /terminal/{report,inspect,receive}; POST /report-job, /inspect-submit, /receive-goods (enabled=true, token=lenient-demo（生产必须设 W3_TERMINAL_TOKEN）)
approval-engine: W5-B0 designer on :13110 — GET /designer (SPA) + GET /designer/meta + GET/POST /flow-graph → wfl_flow_configs.graph json（编辑态落库）+ POST /flow-graph/publish → 门禁+round-trip 等价断言+单向编译派生 wfl 行表（一条 data-modifying CTE，CAS 败则整条 no-op）；保存与发布同走 graph_version 原子 CAS——同刻并发恰好一胜一败(enabled=true)
approval-engine: W6-B2 alert scan loop armed — every 3600s（POST /scan-alerts 手动触发同款；阈值/路由配置在 alert_rules 行）
w6b2-rules: scan pass — expiry+0/~4/-0 cert_due+0/~3/-0 ar_overdue+0/~3/-0 quality_abnormal+0/~3/-0 notified=0
w6b3-recall: --assert 开始
  ✓ 召回锚点（混料原料批次）就绪 — RM-260920-M1
w6b3-recall: RC-20261002-005 created — anchor=RM-260920-M1 owner=qc_inspector notified=true fg=5 so=1 cust=1
  ✓ 召回范围快照三清单落库（成品/订单/客户） — fg=5 so=1 cust=1 status=initiated
  ✓ 冻结范围 = 实时递归 CTE 正向闭包（对账一致） — fg 5==5 cust 1==1
  ✓ 责任人通知送达（B2 通知面 in-app） — rows=1
  ✓ 非白名单账号发起被拒（服务端卡口）
  ✓ 跳步转移被拒（initiated 直接 close=0 行）
  ✓ 外人流转被拒（buyer 无权 notify）
  ✓ notify：initiated→notified
  ✓ execute：notified→executing
  ✓ close 无记录说明被拒（63 条「记录」动作）
  ✓ close：executing→closed（含记录说明）
  ✓ 终态=closed 且关闭日戳落库 — closed|2026-10-02
  ✓ 召回管理页面已铺（渲染证据见截图）
w6b3-recall: --assert PASS
w6b3-recall: RC-20261002-006 created — anchor=BEV-260825-02 owner=quality_lead notified=true fg=0 so=1 cust=1
w6b2-rules: scan pass — expiry+0/~4/-0 cert_due+0/~3/-0 ar_overdue+0/~3/-0 quality_abnormal+0/~3/-0 notified=0
