# W6-R2 C-2 verb-split probe（2026-10-02T01:15:14.655Z）
# 目标行 foreign=71（notify_users=["admin", "chenliqun", "buyer"]，keeper 不在路由）；keeper 路由的效期行=1；非路由账期行=22

== [S1] keeper 登录 ==
signIn -> {"ok":true,"value":{"username":"keeper","nickname":"仓管员·吴涛","token":"246bfd62-8be7-499f-9aa2-1b923eb58ea9"}}

== [S2] 复现 perm-probe 路径：keeper token -> nocobase.update wfl_alerts#${foreignId} status resolved->open（修复后必须拒）==
update -> {"ok":false,"error":{"code":"nocobase-collection-forbidden","message":"wfl_ 引擎表不接受网关直写（wfl_alerts，账号 keeper）——引擎状态机走单一入口：预警认领/关闭用 nocobase.alertAct，审批走 POST /act","details":{"collection":"wfl_alerts","username":"keeper"}}}
psql 写后复核 status=resolved（应保持 resolved）

== [S3] 回归：共享 wfl_ 读面保持放行（keeper list wfl_approval_todos）==
list todos -> {"ok":true,"value":{"count":9,"page":1,"page_size":5,"rows":[{"id":83,"doc_type":"pur_orders","doc_id":25,"user":"admin","status":"open","due_date":"2026-09-29","state":"pending","kind":null},{"id":84,"doc_type":"pur_orders","doc_id":25,"user":"quality_lead","status":"open","due_date":"2026-09-29","state":"pending","kind":null},{"id":99,"doc_type":"pur_orders","doc_id":26,"user":"admin","status":"open","due_date":"2026-09-30","state":"pending_level2","kind":null},{"id":101,"doc_type":"so_orders","doc_id":9,"user":"admin","status":"open","due_date":"2026-09-30","state":"pending_level2","kind":null},{"id":104,"doc_type":"pur_orders","doc_id":27,"user":"admin","status":"open","due_date":"2026-09-30","state":"pending_level2","kind":null}]}}

== [S4] IDOR 读面：keeper list wfl_alerts（行级 scope——只回路由/认领行，finance 行不越权可见）==
list wfl_alerts -> ok=true count=4 越权行数=0（应 0）
含账期行（finance 域）=false（keeper 读面应无账期行）

== [S5] IDOR 读面：匿名 list/get wfl_alerts（应拒）==
anonymous list -> {"ok":false,"error":{"code":"nocobase-unauthorized","message":"预警记录按登录人范围读取：请先通过 nocobase.signIn 获取会话凭据","details":{}}}
anonymous get  -> {"ok":false,"error":{"code":"nocobase-unauthorized","message":"预警记录按登录人范围读取：请先通过 nocobase.signIn 获取会话凭据","details":{}}}

== [S6] alertAct 正向：keeper 认领自己名下效期行 #1（token 身份 → 引擎单一入口）==
claim  -> {"ok":true,"value":{"id":1,"action":"claim","user":"keeper"}}
psql owner/status=keeper|acknowledged（应 keeper|acknowledged）

== [S7] alertAct 负向：keeper 认领非路由账期行 #22（引擎白名单 403 透出）==
claim  -> {"ok":false,"error":{"code":"nocobase-alert-refused","message":"动作被拒（id=22 claim by keeper）——不在路由责任人白名单或状态流不匹配（认领→关闭）","details":{"id":22,"action":"claim"}}}

== [S8] alertAct 关闭：认领人 keeper resolve #1（网关路径完整闭环）==
resolve-> {"ok":true,"value":{"id":1,"action":"resolve","user":"keeper"}}
psql 终态=resolved|keeper（应 resolved|keeper）

== 判定 ==
W6-R2-02 PASS：update×wfl_ 拒绝 + wfl_ 读回归 + 行级 scope + alertAct 闭环全符合
