session.list count=152
  session-87e30c7f-4… "帮我出一张报表卡，调用 pres" upd=22:00:34
  session-3827eed1-4… "查一下糯米粉还有多少库存，" upd=21:58:16
  session-faded363-1… "向【供应商】采购【面粉】，" upd=21:55:47
  session-ae69675d-f… "查一下糯米粉还有多少库存，" upd=21:40:02
  session-0926b2a6-9… "查一下糯米粉还有多少库存，" upd=21:39:00
  session-46675a99-8… "查一下糯米粉还有多少库存，" upd=21:38:28
  session-33e33aeb-d… "统计糯米粉两个库位的现有数" upd=21:38:01
  session-e074a241-f… "查供应商编号13鲜丰的联系人" upd=21:37:29
  session-f0fc246a-f… "查一下糯米粉的库存报表：表" upd=21:36:37
  session-424e1553-7… "查一下糯米粉还有多少库存，" upd=21:10:05
  session-b4e663ab-5… "查一下糯米粉还有多少库存，" upd=21:05:54
  session-bdb1f555-c… "查一下糯米粉还有多少库存，" upd=21:05:17
  session-e1cc5749-8… "查一下糯米粉还有多少库存，" upd=21:03:47
  session-fa8ef08a-d… "统计糯米粉两个库位的现有数" upd=21:02:40
  session-e2cb37c0-3… "查供应商编号13鲜丰的联系人" upd=21:02:02
  session-0b1b962b-9… "查一下糯米粉的库存报表：表" upd=21:01:16
  session-05590111-4… "" upd=04:14:36
  session-570acfbe-3… "" upd=02:07:45
  session-ab089590-b… "" upd=01:27:44
  session-a6da65e0-a… "哪些料要补货？重点看酱油和" upd=04:27:35
  session-3c01be0c-1… "伪造身份探针" upd=20:05:18
  session-922402e0-f… "【登录身份】buyer（采购员·" upd=20:05:17
  session-f3d09a52-3… "伪造身份探针" upd=20:04:48
  session-e6019da5-f… "【登录身份】buyer（采购员·" upd=20:04:45
  session-8233c3f9-2… "【登录身份】qc_inspect" upd=15:19:16
  session-0affc87e-4… "【登录身份】qc_inspect" upd=15:12:43
  session-36d48353-3… "【登录身份】qc_inspect" upd=15:09:25
  session-f307f930-7… "【登录身份】buyer（采购员·" upd=15:02:19
  session-0355de82-6… "【登录身份】buyer（采购员·" upd=12:50:33
  session-a9060629-9… "【登录身份】buyer（采购员·" upd=12:15:35
  session-b8ef105e-a… "【登录身份】buyer（采购员·" upd=12:10:47
  session-146a3123-f… "【登录身份】qc_inspect" upd=12:10:01
  session-a4123d6c-c… "【登录身份】qc_inspect" upd=12:09:46
  session-47ecfb97-0… "【登录身份】keeper（仓管员" upd=09:39:43
  session-e993fcbe-3… "创建采购单" upd=09:34:05
  session-04a7a2ad-d… "【登录身份】buyer（采购员·" upd=09:22:52
  session-6ea566f9-7… "向宏发食品采购 500kg 面粉" upd=14:06:32
  session-31eb326e-9… "查一下酱油还有多少库存" upd=14:05:39
  session-258be971-9… "" upd=14:05:28
  session-3d5e6c06-a… "经营怎么样" upd=12:15:16
  session-514fd7f3-b… "经营怎么样" upd=12:12:21
  session-91d493e4-4… "这周 OTIF 多少" upd=11:40:53
  session-68bddb5b-5… "经营怎么样" upd=11:40:11
  session-433e33cd-1… "经营怎么样" upd=11:39:09
  session-cb9c8b28-8… "经营怎么样" upd=11:38:29
  session-ea0110be-4… "经营怎么样" upd=11:37:43
  session-ec21571b-f… "经营情况咨询" upd=11:36:41
  session-0ba48a9e-5… "这周 OTIF 多少" upd=11:35:40
  session-69163138-a… "经营怎么样" upd=11:33:52
  session-e75a6e32-6… "经营怎么样" upd=11:32:31
  session-370ba686-c… "经营怎么样" upd=11:31:40
  session-be0ff385-6… "经营怎么样" upd=11:30:12
  session-fe3d3f3f-c… "经营怎么样" upd=11:28:51
  session-ce797195-8… "查一下主生产计划，下个月米" upd=05:56:05
  session-eb99a05b-7… "查 qm_aql_plans：批" upd=01:35:44
  session-6e08d71a-7… "给供应商B0测试食品登个档，" upd=18:47:01
  session-6686020b-2… "新增个客户 ，李贺" upd=16:23:59
  session-bd7976f1-8… "给供应商三味食品登个档" upd=15:16:16
  session-68b8b14c-e… "这个月采购情况帮我总结一下" upd=08:44:32
  session-acfb4fa3-4… "" upd=23:40:38
  session-7121a618-8… "" upd=23:39:20
  session-9a24c0f3-e… "" upd=23:38:07
  session-ed98c8b4-c… "" upd=18:29:01
  session-67711692-2… "" upd=18:29:01
  session-a1a88272-4… "" upd=18:28:29
  session-3c946b3b-0… "" upd=18:28:29
  session-8fd76d91-5… "" upd=18:12:47
  session-149b0c8f-8… "" upd=18:11:49
  session-d2f81569-d… "" upd=18:10:28
  session-346f0c3c-9… "" upd=18:09:17
  session-30dbc300-7… "" upd=09:19:17
  session-71da69d7-9… "" upd=09:14:29
  session-85d4b30c-9… "" upd=09:03:25
  session-848fe951-5… "" upd=08:50:21
  session-beea2ad1-d… "" upd=08:41:38
  session-b1398077-3… "帮我登记一张采购单：向鲜丰" upd=06:37:42
  session-20d7fb7b-4… "" upd=01:36:43
  session-e534e617-7… "" upd=23:59:13
  session-c393dae9-4… "" upd=19:06:58
  session-e817f7f2-a… "帮我登记一张采购单：向鲜丰" upd=18:57:24
  session-7127621b-0… "帮我登记一下，刚和宏发食品" upd=18:15:51
  session-835924b1-e… "帮我登记一下，刚和宏发食品" upd=18:10:52
  session-90cea055-7… "帮我登记一下，刚和宏发食品" upd=18:02:24
  session-e7f18c61-f… "帮我登记一下，刚和三全食品" upd=17:59:32
  session-fffa62a8-0… "帮我登记一下，刚和三全食品" upd=17:51:46
  session-89184f62-7… "和鲜丰谈好一批冷链箱" upd=16:24:27
  session-1dea839a-2… "帮我登记一下，刚和宏发食品" upd=15:53:36
  session-161642d5-3… "帮鲜丰做个供应商登记，联系" upd=12:46:20
  session-f9e600e7-1… "帮鲜丰做个供应商登记，联系" upd=12:35:38
  session-2150201c-5… "帮鲜丰做个供应商登记，联系" upd=12:24:09
  session-85bc54c5-e… "帮鲜丰做个供应商登记，联系" upd=12:16:17
  session-03bbe13e-e… "帮鲜丰做个供应商登记，联系" upd=12:03:45
  session-8029582b-5… "这个月采购情况帮我总结一下" upd=11:57:22
  session-05f3492a-f… "帮鲜丰做个供应商登记，联系" upd=11:50:21
  session-428410b2-d… "帮我登记一下，刚和宏发食品" upd=11:50:05
  session-7f1da8e8-7… "这个月采购情况帮我总结一下" upd=11:43:41
  session-349358d1-3… "帮鲜丰做个供应商登记" upd=11:36:38
  session-6b3f1d9c-8… "帮我登记一下，刚和鲜丰谈好" upd=11:28:47
  session-c7441c99-3… "这个月采购情况帮我总结一下" upd=11:24:07
  session-1cd3c5ff-a… "帮鲜丰做个供应商登记" upd=11:20:05
  session-674ab5bc-8… "帮我登记一下，刚和鲜丰谈好" upd=11:16:03
  session-b6011bf8-3… "" upd=11:14:16
  session-820b6c59-b… "" upd=11:13:32
  session-08448c06-1… "" upd=11:11:56
  session-978ad0cc-6… "你好，我要登记一条采购单，" upd=22:59:28
  session-6fbbd137-d… "你好，我要登记一条采购单，" upd=21:19:27
  session-91da1656-5… "你好，我要登记一条采购单，" upd=20:36:46
  session-42eea6b8-1… "你好，我要登记一条采购单，" upd=15:23:12
  session-bec41dfd-3… "你好，我要登记一条供应商整" upd=15:15:42
  session-deaacf1c-b… "你好，我要登记一条采购单，" upd=15:06:37
  session-abdf93dd-5… "你好，我要登记一条采购单，" upd=14:55:31
  session-022307e4-4… "你好，我要登记一条采购单，" upd=14:51:15
  session-d35d1e2e-8… "你好，我要登记一条采购单，" upd=14:44:56
  session-63f2da3e-6… "" upd=14:23:37
  session-83766793-8… "俄罗斯仓库被炸了，有没有别" upd=08:55:32
  session-fe7b6b9c-0… "有多少知识图谱" upd=06:38:12
  session-4c6966c9-1… "俄罗斯仓库被炸了，还要其他" upd=06:26:43
  session-80c1082c-c… "俄罗斯仓库被炸了，有没有别" upd=00:42:37
  session-8b9805c3-b… "俄罗斯的仓库被炸了怎么办" upd=00:41:25
  session-3f3beb77-f… "把图谱过滤到只显示供应商" upd=17:29:43
  session-f583c49b-3… "把图谱过滤到只显示供应商" upd=16:40:45
  session-5841ddb5-b… "跳出本场景查一下：SRM 里供应" upd=07:36:16
  session-cf8c7508-3… "SRM 系统里现在有多少家供应商" upd=07:35:46
  session-cd4f0561-5… "用 assets_browse " upd=07:32:22
  session-6768f832-1… "宏发食品的供货链有哪些环节" upd=07:31:15
  session-1f447e5e-e… "宏发食品的供货链有哪些环节" upd=07:29:14
  session-93d68319-9… "知识库里有哪些关于食品添加" upd=07:27:49
  session-b5e28c15-d… "俄罗斯的仓库被炸了怎么办" upd=00:44:03
  session-d00b96f8-d… "俄罗斯的仓库被炸了怎么办" upd=13:56:22
  session-483fc7b7-a… "关于这条记录 [["name"," upd=13:53:29
  session-7d803f46-e… "数据空间的标准里，有没有规" upd=03:08:52
  session-0dd84405-0… "退税 报关单 申报" upd=01:17:36
  session-38b7256f-d… "电商渠道GMV" upd=01:13:52
  session-e476e5f8-a… "李贺资料查询" upd=01:11:07
  session-285f876b-d… "介绍下李贺" upd=00:53:50
  session-bd627b53-2… "电商渠道 GMV" upd=15:38:07
  session-bafd6df0-8… "退税 报关单 申报" upd=15:37:22
  session-5fb8303b-3… "退税 报关单 申报" upd=14:02:34
  session-961a1b13-d… "辣味偏好 挤挤装" upd=14:00:12
  session-002669e7-1… "你好" upd=00:52:01
  session-d197a77a-a… "飞虫监控灯 地漏" upd=00:49:36
  session-6e79b3af-3… "酱油防腐剂最大使用量" upd=15:59:16
  session-b9fc727a-6… "你好" upd=15:54:35
  session-37bd15de-c… "" upd=06:52:28
  session-51baf794-d… "" upd=06:52:02
  session-67f19163-6… "" upd=06:42:14
  session-8416f2b4-5… "" upd=06:41:54
  session-55260a3d-b… "" upd=17:11:33
  session-59324bcd-2… "" upd=17:08:42
  session-5a447caf-3… "" upd=14:29:14
  session-b4e58d69-7… "" upd=14:28:49
  b025b7dc-7593-4776… "你是演示用的子代理。请只做" upd=06:06:59
FAIL field-ask 供应商 chips 点选+发送 | chip="null"
PASS 供应商后回合收尾 | reason=completed cards=ask_choice
corrected dump: null
FAIL form-draft 渲染
shot: vfy-w21r2-a-13-round2-draft.png
FAIL 数字字段[数量]真实键盘填入 100 | {"ok":false,"why":"row missing"}
FAIL 数字字段[单价]真实键盘填入 10 | {"ok":false,"why":"row missing"}
shot: vfy-w21r2-a-14-round2-filled.png
ERROR locator.click: Timeout 30000ms exceeded.
Call log:
  - waiting for getByRole('button', { name: '确认写入' }).first()

shot: vfy-w21r2-a-97-error.png
