$ tsx scripts/run-gates.ts doc-sync
run-gates: doc-sync running 29 gate(s) with 4 worker(s) from 12 available CPU(s), doc-sync cap 4.
run-gates: start doc-typecheck
run-gates: start documentation build
run-gates: start doc graphs
run-gates: start markdown links
run-gates: PASS markdown links (40.33s)
run-gates: start type equivalence
run-gates: PASS type equivalence (34.59s)
run-gates: start cordis catalog
run-gates: PASS doc graphs (88.23s)
run-gates: start verify-mermaid
run-gates: PASS doc-typecheck (94.05s)
run-gates: start scoped events
run-gates: PASS documentation build (125.58s)
run-gates: start translation pairing
run-gates: PASS verify-mermaid (45.18s)
run-gates: start markdown wrap
run-gates: PASS cordis catalog (67.68s)
run-gates: start client catalog
run-gates: PASS scoped events (50.19s)
run-gates: start v8 ignore budget
run-gates: PASS v8 ignore budget (2.46s)
run-gates: start export jsdoc
run-gates: PASS client catalog (12.33s)
run-gates: start tool catalog
run-gates: PASS tool catalog (15.70s)
run-gates: start config catalog
run-gates: PASS markdown wrap (37.51s)
run-gates: start persistence catalog
run-gates: PASS export jsdoc (26.10s)
run-gates: start public repository links
run-gates: PASS persistence catalog (5.49s)
run-gates: start doc refs
run-gates: PASS config catalog (6.01s)
run-gates: start package paths
run-gates: PASS doc refs (3.94s)
run-gates: start config source ownership
run-gates: PASS package paths (4.13s)
run-gates: start package README model experience
run-gates: PASS config source ownership (1.70s)
run-gates: start agent note classification
run-gates: PASS agent note classification (2.10s)
run-gates: start agent note format
run-gates: PASS agent note format (1.90s)
run-gates: start archived agent notes
run-gates: PASS archived agent notes (1.99s)
run-gates: start skill invocation metadata
run-gates: PASS skill invocation metadata (1.66s)
run-gates: start translation prompt
run-gates: PASS package README model experience (9.98s)
run-gates: start doc budgets
run-gates: PASS translation prompt (1.59s)
run-gates: start documentation site checks
run-gates: PASS doc budgets (1.60s)
run-gates: start package README limitations
run-gates: PASS translation pairing (75.54s)
run-gates: PASS package README limitations (10.04s)
run-gates: PASS documentation site checks (15.53s)
run-gates: PASS public repository links (53.52s)

run-gates: 29 passed, 0 failed, 0 skipped in 226.33s.
