— 集合与规则
  ✓ qm_inspections.submit_key 列在位（幂等 CAS） — cols=1
  ✓ qm_inspections.photo_evidence 列在位（拍照留证） — cols=1
  ✓ qm_factory_reports 九要素档案列齐全（12 列） — cols=12
  ✓ 报告编号唯一 + 一检验一报告 唯一索引 — idx=2
  ✓ inspection_fail 规则行启用 — t
  ✓ 队列口径有待检单（status=pending ∧ result=pending） — rows=21
  ✓ 报告明细「单项判定」首行非恒 — 且语义与 pass 一致 — judged=合格 pass=true
  ✓ 签发报告 reviewer 非空（签发人回填）且渲染按档案回读 — db=quality_lead|QR-2026-0001 render=quality_lead 报告=QR-2026-0001
— AQL 15 段对拍（psql 直查 × 向导 inspPlan × W2 种子锚点三方一致）
  ✓ N=200 × AQL 2.5 × normal → n=32 Ac=2 Re=3（直查=32|2|3 向导=32/2/3） — band=151-280/G
  ✓ N=300 × AQL 2.5 × normal → n=50 Ac=3 Re=4（直查=50|3|4 向导=50/3/4） — band=281-500/H
  ✓ N=350 × AQL 2.5 × normal → n=50 Ac=3 Re=4（直查=50|3|4 向导=50/3/4） — band=281-500/H
  ✓ N=2000 × AQL 2.5 × tightened → n=125 Ac=5 Re=6（直查=125|5|6；tightened 需加严供应商，向导侧不虚演）
— 治理面铺页
  ✓ v2 页「检验工作台」在质量管理组下
  ✓ v2 页「出厂检验报告」在质量管理组下
  ✓ 检验工作台 iframe 块指向引擎 /insp — http://127.0.0.1:13110/insp
  ✓ member 对 qm_factory_reports view 授权（其他角色只读） — grants=1
w6b5-insp: assert PASS
