OK  name="quantity" label="" opts=false server=number client=number
OK  name="Qty" label="数量" opts=false server=number client=number
OK  name="QUANTITY" label="任意" opts=false server=number client=number
OK  name="" label="" opts=false server=undefined client=undefined
OK  name="收货数量" label="" opts=false server=undefined client=undefined
OK  name="quantity" label="收货数量" opts=false server=number client=number
OK  name="misc" label="收货数量" opts=false server=number client=number
OK  name="misc" label="价格说明" opts=false server=undefined client=undefined
OK  name="misc" label="说明" opts=false server=undefined client=undefined
OK  name="misc" label="备注：单价历史" opts=false server=undefined client=undefined
OK  name="customer_note" label="客户备注（含单价上限）" opts=false server=undefined client=undefined
OK  name="credit_note_amount" label="x" opts=false server=number client=number
OK  name="unit_price_note" label="x" opts=false server=undefined client=undefined
OK  name="misc" label="数量单位" opts=false server=undefined client=undefined
OK  name="misc" label="含单价" opts=false server=undefined client=undefined
OK  name="misc" label="见单价表" opts=false server=undefined client=undefined
OK  name="misc" label="入库数量（箱）" opts=false server=number client=number
OK  name="misc" label="合计金额" opts=false server=number client=number
OK  name="misc" label="交期" opts=false server=date client=date
OK  name="misc" label="FOB价格" opts=false server=number client=number
OK  name="misc" label="2026数量" opts=false server=number client=number
OK  name="misc" label="含税单价" opts=false server=number client=number
OK  name="misc" label="约含单价" opts=false server=number client=number
OK  name="doc_status" label="单据状态" opts=true server=select client=select
OK  name="doc_status" label="单据状态" opts=false server=undefined client=undefined
OK  name="insp_comment" label="检验备注" opts=false server=undefined client=undefined
OK  name="misc2" label="说明：见单价表" opts=false server=undefined client=undefined
OK  name="need_date" label="任意" opts=false server=date client=date
OK  name="received_at" label="" opts=false server=date client=date
OK  name="misc" label="到期日" opts=false server=undefined client=undefined
OK  name="x" label="截止时间" opts=false server=undefined client=undefined
OK  name="x" label="到期" opts=false server=date client=date
OK  name="x" label="摘要" opts=false server=undefined client=undefined
OK  name="x" label="描述" opts=false server=undefined client=undefined
OK  name="memo" label="x" opts=false server=undefined client=undefined
OK  name="a_memo" label="x" opts=false server=undefined client=undefined
OK  name="A_DESC" label="x" opts=false server=undefined client=undefined

total=37 mismatches=0
