[run 1] form_draft (21s, 2轮): 供应商(supplier_id)=relation 品名(product_name)=text 需求日期(need_date)=date 数量(quantity)=number 单价(unit_price)=number 合计金额(amount)=number 币种(currency)=text 单据状态(doc_status)=text 收货状态(receiving_status)=text 发票状态(invoice_status)=text 单号(code)=text
=== PER-RUN MATRIX ===
run 1 [pur_orders]: supplier=relation✓ date=date✓ qty=number✓ price=number✓ remark=absent
=== RAW JSON ===
[
 {
  "run": 1,
  "outcome": "form_draft",
  "rounds": 2,
  "secs": 21,
  "collection": "pur_orders",
  "fields": [
   {
    "name": "supplier_id",
    "label": "供应商",
    "widget": "relation",
    "value": "2",
    "tier": "required",
    "options": 0
   },
   {
    "name": "product_name",
    "label": "品名",
    "widget": "text",
    "value": "食品级柠檬酸",
    "tier": "required",
    "options": 0
   },
   {
    "name": "need_date",
    "label": "需求日期",
    "widget": "date",
    "value": "2026-10-15",
    "tier": "required",
    "options": 0
   },
   {
    "name": "quantity",
    "label": "数量",
    "widget": "number",
    "value": "500",
    "tier": "required",
    "options": 0
   },
   {
    "name": "unit_price",
    "label": "单价",
    "widget": "number",
    "value": "25",
    "tier": "required",
    "options": 0
   },
   {
    "name": "amount",
    "label": "合计金额",
    "widget": "number",
    "value": "12500",
    "tier": "derived",
    "options": 0
   },
   {
    "name": "currency",
    "label": "币种",
    "widget": "text",
    "value": "CNY",
    "tier": "derived",
    "options": 0
   },
   {
    "name": "doc_status",
    "label": "单据状态",
    "widget": "text",
    "value": "draft",
    "tier": "derived",
    "options": 0
   },
   {
    "name": "receiving_status",
    "label": "收货状态",
    "widget": "text",
    "value": "none",
    "tier": "derived",
    "options": 0
   },
   {
    "name": "invoice_status",
    "label": "发票状态",
    "widget": "text",
    "value": "no_invoice",
    "tier": "derived",
    "options": 0
   },
   {
    "name": "code",
    "label": "单号",
    "widget": "text",
    "value": "",
    "tier": "system",
    "options": 0
   }
  ]
 }
]
