PASS w10-b3-agents-375-light.png — 8 条
PASS w10-b3-alerts-375-light.png — 6 条
PASS w10-b3-chat-375-dark.png — 8 条
PASS w10-b3-chat-375-light.png — 8 条
PASS w10-b3-chats-375-light.png — 7 条
PASS w10-b3-docs-375-light.png — 6 条
PASS w10-b3-files-375-light.png — 7 条
PASS w10-b3-home-375-dark.png — 8 条
PASS w10-b3-home-375-light.png — 8 条
PASS w10-b3-home-390-light.png — 6 条
PASS w10-b3-ix-composer-focus-375-light.png — 8 条
PASS w10-b3-ix-docs-scroll-375-light.png — 5 条
PASS w10-b3-login-375-dark.png — 8 条
PASS w10-b3-login-375-light.png — 7 条
PASS w10-b3-me-375-dark.png — 16 条
PASS w10-b3-me-375-light.png — 8 条
PASS w10-b3-tasks-375-light.png — 0 条
PASS w10-b3-todos-375-light.png — 0 条
PASS w10-b3-todos-390-light.png — 6 条
PASS w10-b3-work-375-dark.png — 6 条
PASS w10-b3-work-375-light.png — 7 条
PASS w10-b3-work-detail-375-light.png — 6 条
