PASS w10-b1-agents-375-light.png — 8 条
PASS w10-b1-alerts-375-light.png — 5 条
PASS w10-b1-chat-375-dark.png — 8 条
PASS w10-b1-chat-375-light.png — 7 条
PASS w10-b1-chats-375-light.png — 8 条
PASS w10-b1-docs-375-light.png — 5 条
PASS w10-b1-files-375-light.png — 5 条
PASS w10-b1-home-375-dark.png — 8 条
PASS w10-b1-home-375-light.png — 8 条
PASS w10-b1-home-390-light.png — 8 条
PASS w10-b1-ix-composer-focus-375-light.png — 7 条
PASS w10-b1-ix-docs-scroll-375-light.png — 6 条
PASS w10-b1-login-375-dark.png — 7 条
PASS w10-b1-login-375-light.png — 7 条
PASS w10-b1-me-375-dark.png — 8 条
PASS w10-b1-me-375-light.png — 8 条
PASS w10-b1-tasks-375-light.png — 6 条
PASS w10-b1-todos-375-light.png — 7 条
PASS w10-b1-todos-390-light.png — 6 条
PASS w10-b1-work-375-dark.png — 8 条
PASS w10-b1-work-375-light.png — 6 条
PASS w10-b1-work-detail-375-light.png — 7 条
