# W7-R2-01 channel-check unblock — 2026-10-04
# Root cause: the 99-w7 §五.4 line itself re-quoted the retired fake-channel literal
# (`flowSurfaces:updateSettings`) while naming w7b6-binmap.mts — landing exactly in
# w7-r1-03-channel-check.mjs's FAIL branch (a w7b6-binmap/BIN_MAP_CODE line carrying the
# old literal with no exemption word 写不进/never/no direct-update). The archived GREEN
# log predated that line's addition (log mtime 10:37 CST < doc line mtime 10:49 CST),
# so the archive never saw it; a fresh run pre-fix exited 1 with exactly this line.
# Fix (verifier-recommended option): rewrite the line — the fake-channel literal is now
# stated as cleared across the four docs and only the real channel destroy+addBlock
# (the BLOCK_UPDATE_CHANNEL constant value) is quoted. The check's regex is untouched.
--- 99-w7-deliverables.md L46 diff ---
- 4. **文档通道更正（lesson3）**：`w7b6-binmap.mts` 顶部导出 `BLOCK_UPDATE_CHANNEL='destroy+addBlock'`；B6+M3 Note 双语两处、QUICKSTART 层 3b、本文 §四.1 四处从 `flowSurfaces:updateSettings` 假通道改为真实通道；`w7-r1-03-channel-check.mjs` grep 级一致性检查 GREEN（常量↔四文档）。
+ 4. **文档通道更正（lesson3）**：`w7b6-binmap.mts` 顶部导出 `BLOCK_UPDATE_CHANNEL='destroy+addBlock'`；B6+M3 Note 双语两处、QUICKSTART 层 3b、本文 §四.1 四处假通道字面量清零、统一引真实通道 `destroy+addBlock`；`w7-r1-03-channel-check.mjs` grep 级一致性检查 GREEN（常量↔四文档）。
--- pre-fix reproduction ---
$ node demos/acceptance-w7/w7-r1-03-channel-check.mjs
CHANNEL CHECK FAIL (1):
  - research/2026-10-03-w7-rework/99-w7-deliverables.md: still presents flowSurfaces:updateSettings as the bin-map channel: 4. **文档通道更正（lesson3）**：…
exit 1
--- post-fix re-run (repo root) ---
$ node demos/acceptance-w7/w7-r1-03-channel-check.mjs
examples/kb-agent/QUICKSTART.zh.md: OK
.agents/notes/implemented/architecture/2026-10-04-w7-b6-m3-final-verification.md: OK
.agents/notes/implemented/architecture/2026-10-04-w7-b6-m3-final-verification.zh.md: OK
research/2026-10-03-w7-rework/99-w7-deliverables.md: OK
BLOCK_UPDATE_CHANNEL = 'destroy+addBlock'
CHANNEL CHECK GREEN — docs and constant agree on destroy+addBlock
exit 0 — re-recorded into w7-r1-03-channel-check.log; the output is byte-identical to
the archived GREEN content (git leaves the log unmodified — the archive was never
stale, only the doc line had drifted past it).
