removed w7-m3-15-workdetail-shoplead-dark.png (agents-referral残留，非work-detail)
== W7-R1 顺手项（2026-10-04 10:18:49 CST）==
-- 1. m3-15 名实不符处置 --
已删除 w7-m3-15-workdetail-shoplead-dark.png：图像审读实为「工作台首页+AI 同事推荐」（workdetail 首拍点第一个按钮落到 agents referral 的残留，04:34），非 work-detail；保留脚本正名的 15-light + 16-dark（04:37 同分钟产物）。

-- 2. w7b0-theme --rollback 演练（回滚→断言 fail-loud→re-apply→断言复绿）--
[rollback journal before] mtime=Oct  4 05:14:48 2026 bytes=5880
$ w7b0-theme.mts --rollback
restored themeId pins on 3 user(s)
restored themeConfig uid=w7-forge to before-state
restored default on id=5
rollback-exit=0

$ w7b0-theme.mts --assert（回滚后预期 FAIL——w7-forge 不再默认，fail-loud 即回滚生效的证据）
w7b0-theme assert: themes=6 defaults=mfg-standard
w7b0-theme assert: FAILED
  - w7-forge is not the default theme
  - mfg-standard still default
  - users pinned to a non-w7-forge theme: nocobase→3, qc_inspector→3, buyer→5
assert-after-rollback-exit=1（非零=预期）

$ w7b0-theme.mts --apply（re-apply 复位）
demoted default: uid=mfg-standard id=5
updated themeConfig uid=w7-forge id=7 (default)
swept themeId pins on 3 user(s)
apply-exit=0

$ w7b0-theme.mts --assert（复位后预期 PASS）
w7b0-theme assert: themes=6 defaults=w7-forge
w7b0-theme assert: OK
assert-after-reapply-exit=0
[rollback journal after] mtime=Oct  4 10:18:51 2026 bytes=5880

-- 3. 99-w7 M3 证据路径/件数复核 --
w7-m3-01..13-dark-*.png：13 张（13 面，01-13 连号无缺）
w7-m3-14-dark-probe.json：在（M3 时点值保留，R1 七门槛实测另档 w7-r1-04-dark-probe.json）
w7-m3-15/16-workdetail-shoplead-*：2 张（15-light + 16-dark，名实相符）
