PASS w11-b1-agents-375-light.png — 13 条
PASS w11-b1-alerts-375-light.png — 12 条
PASS w11-b1-chat-375-light.png — 11 条
PASS w11-b1-chats-375-dark.png — 16 条
PASS w11-b1-chats-375-light.png — 0 条
PASS w11-b1-docs-375-light.png — 6 条
PASS w11-b1-files-375-light.png — 21 条
PASS w11-b1-home-375-dark.png — 20 条
PASS w11-b1-home-375-light.png — 16 条
PASS w11-b1-home-390-light.png — 15 条
PASS w11-b1-ix-docs-scroll-375-light.png — 0 条
PASS w11-b1-ix-fill-375-light.png — 0 条
PASS w11-b1-ix-focus-375-dark.png — 19 条
PASS w11-b1-ix-focus-375-light.png — 14 条
PASS w11-b1-ix-kbd-375-light.png — 13 条
PASS w11-b1-ix-multiline-2-375-light.png — 14 条
PASS w11-b1-ix-multiline-4-375-light.png — 15 条
PASS w11-b1-ix-overlong-tail-375-light.png — 15 条
FAIL w11-b1-ix-panel-375-dark.png — Expected ',' or '}' after property value in JSON at position 96 (line 5 column 30)
PASS w11-b1-ix-panel-375-light.png — 16 条
PASS w11-b1-ix-running-375-light.png — 13 条
PASS w11-b1-login-375-dark.png — 12 条
PASS w11-b1-login-375-light.png — 11 条
PASS w11-b1-me-375-dark.png — 12 条
PASS w11-b1-me-375-light.png — 13 条
PASS w11-b1-tasks-375-light.png — 0 条
PASS w11-b1-todos-375-light.png — 6 条
PASS w11-b1-todos-390-light.png — 10 条
PASS w11-b1-work-375-dark.png — 8 条
PASS w11-b1-work-375-light.png — 7 条
PASS w11-b1-work-detail-375-light.png — 6 条
