PASS A0 会话就绪 — session-3b3c74f7-7666-41bd-a1a9-1920b65612fa
PASS A1 starter 点击 → 草稿填入（未发送） — {"value":"向宏发食品采购 500kg 面粉，单价 3.2","focused":true,"start":23,"end":23,"fillFlag":"true","sendDisabled":false,"welcome":true}
PASS A2 输入框自动聚焦
PASS A3 光标在末尾 — start=23 end=23
PASS A4 未自动发送（prompts=0） — prompts=0
PASS A5 data-fill 闪烁挂载
PASS A6 发送钮随填入激活
PASS A7 欢迎屏仍在（填入≠消息）
PASS A8 手动发送发出（prompts=1） — prompts=1
PASS A9 发送后草稿清空 — ""
PASS B #/home 可达 — nav[aria-label="底部导航"]
PASS B #/chats 可达 — button[aria-label="新建会话"]
PASS B #/work 可达 — h1[class*="pageTitle"], h1[class*="workTitle"]
PASS B #/tasks 可达 — h1[class*="pageTitle"]
PASS B #/files 可达 — h1[class*="pageTitle"]
PASS B #/agents 可达 — h1[class*="headerTitle"]
PASS B #/me 可达 — text:本月登记
PASS B #/todos 可达 — h1[class*="pageTitle"]
PASS B #/alerts 可达 — h1[class*="pageTitle"]
PASS B #/docs 可达 — h1[class*="pageTitle"]
PASS B #/chat/session-3b3c74f7-7666-41bd-a1a9-1920b65612fa 可达 — .adm-text-area[aria-label="消息输入"]
