part1 PASS login qc_inspector ok
part1 PASS panel lanes light (voice yes in headless chromium: engine present, secure context)
part1 PASS voice listening card + engine-error unwind
part1 PASS image chip ready via data.describeImage (VLM live)
part1 PASS image turn: model answered the four stat numbers from the VLM description
part1 PASS pdf chip ready via data.extractText (text layer, no truncation)
part1 PASS pdf turn: model answered 128 from the quoted document text
part1 ABORT at empty-txt failed-chip stage (log write stranded at script end; part2 re-probes it)
PASS part2 session.create enterprise-data-assistant — session-8ec367b9-6614-47b1-9cb6-629ea0561aac
shot: w11-b2-attach-failed-375-light.png
PASS part2 empty txt chip failed with the scan hint
PASS part2 remove × clears the failed chip
shot: w11-b2-panel-attach-dark-375.png
PASS part2 dark leg: ready chip + panel open
PASS part2 session.create mobile-form-assistant — session-81820820-c566-40dd-ac6f-fa6057d1e927
PASS part2 X20 probe settled (tag absent this turn — recorded as-is) — true
X20: nb_list tag not rendered this turn (model answered without the tool call)
shot: w11-b2-x20-tool-tag-375-light.png
X20 re-probe: nb_list tag rendered on the real turn, toolRow margin-top=0px padding=12px 15px
shot: w11-b2-x20-tool-tag-375-light.png (re-probe)
X20 final: nb_list tool row rendered on a settled real turn; toolRow margin-top=0px (表单请用查询业务记录工具（nb_list智能填表助手 · 处理中)
shot: w11-b2-x20-tool-tag-375-light.png (final)
--- B2 收尾记录 ---
X20 fix: .toolRow + .toolRow { margin-top: -5px } folds the flow's 10px gap for consecutive tool rows (pinned by composer-skin spec 'X20: consecutive tool rows fold the flow gap into one status group').
Voice detect truth (headless Chromium via Playwright, http://127.0.0.1:3080): isSecureContext=true, webkitSpeechRecognition constructor present → supported='yes'; start() errors with no speech backend within ~6s → listening card unwound + toast (voice-error PNG). The WeChat-webview 'no' branch is covered by the jsdom spec (constructor absent → 3-lane panel) and the real-device checklist (w11-b3-voice-realdevice.md, OQ-2 user-fill).
Wire smoke: data.describeImage live → attachmentId sha256:… + zh description; data.extractText md → verbatim text; .xlsx → data-extract-unsupported (fail loud).
Regression: ui-mobile 727/727 (views quick-panel arm updated: voice tile hidden in jsdom, three picker lanes assert), apiproxy 488/488, connection+runtime 461/461, composer-skin +12 (X20 pin), new specs 34 (data-attach 9 + attachments 12 + voice-input 9 + quick-panel 10 → 见各文件), W9-B4 light probe 19/19, build:lib + build:lib:client + build:web all green, new/changed files oxlint 0/0.
Known: views.client.spec me-tab arm flaked once under cross-package parallel load ('no stub for agentPreset.list') — passes 103/103 standalone and in the ui-mobile-only full run; pre-existing stubGateway teardown race, not B2 logic.
Flaky-of-record: w8-b1 legacy light probe fails its 2 contrast gates against W9 Sauce-Amber tokens (superseded by w9-b4, unchanged by B2).
